Sep 05 10:31:10 DESKTOP-BQ08FA1 kernel: Linux version 5.15.153.1-microsoft-standard-WSL2 (root@941d701f84f1) (gcc (GCC) 11.2.0, GNU ld (GNU Binutils) 2.37) #1 SMP Fri Mar 29 23:14:13 UTC 2024
Sep 05 10:31:10 DESKTOP-BQ08FA1 kernel: Command line: initrd=\initrd.img WSL_ROOT_INIT=1 panic=-1 nr_cpus=20 hv_utils.timesync_implicit=1 cgroup_no_v1=all console=hvc0 debug pty.legacy_count=0
Sep 05 10:31:10 DESKTOP-BQ08FA1 kernel: KERNEL supported cpus:
Sep 05 10:31:10 DESKTOP-BQ08FA1 kernel:   Intel GenuineIntel
Sep 05 10:31:10 DESKTOP-BQ08FA1 kernel:   AMD AuthenticAMD
Sep 05 10:31:10 DESKTOP-BQ08FA1 kernel:   Centaur CentaurHauls
Sep 05 10:31:10 DESKTOP-BQ08FA1 kernel: BIOS-provided physical RAM map:
Sep 05 10:31:10 DESKTOP-BQ08FA1 kernel: BIOS-e820: [mem 0x0000000000000000-0x000000000009ffff] usable
Sep 05 10:31:10 DESKTOP-BQ08FA1 kernel: BIOS-e820: [mem 0x00000000000e0000-0x00000000000e0fff] reserved
Sep 05 10:31:10 DESKTOP-BQ08FA1 kernel: BIOS-e820: [mem 0x0000000000100000-0x00000000001fffff] ACPI data
Sep 05 10:31:10 DESKTOP-BQ08FA1 kernel: BIOS-e820: [mem 0x0000000000200000-0x00000000f7ffffff] usable
Sep 05 10:31:10 DESKTOP-BQ08FA1 kernel: BIOS-e820: [mem 0x0000000100000000-0x00000004021fffff] usable
Sep 05 10:31:10 DESKTOP-BQ08FA1 kernel: NX (Execute Disable) protection: active
Sep 05 10:31:10 DESKTOP-BQ08FA1 kernel: DMI not present or invalid.
Sep 05 10:31:10 DESKTOP-BQ08FA1 kernel: Hypervisor detected: Microsoft Hyper-V
Sep 05 10:31:10 DESKTOP-BQ08FA1 kernel: Hyper-V: privilege flags low 0xae7f, high 0x3b8030, hints 0xa4e24, misc 0xe0bed7b2
Sep 05 10:31:10 DESKTOP-BQ08FA1 kernel: Hyper-V Host Build:22621-10.0-4-0.4036
Sep 05 10:31:10 DESKTOP-BQ08FA1 kernel: Hyper-V: Nested features: 0x3e0101
Sep 05 10:31:10 DESKTOP-BQ08FA1 kernel: Hyper-V: LAPIC Timer Frequency: 0x1e8480
Sep 05 10:31:10 DESKTOP-BQ08FA1 kernel: Hyper-V: Using hypercall for remote TLB flush
Sep 05 10:31:10 DESKTOP-BQ08FA1 kernel: clocksource: hyperv_clocksource_tsc_page: mask: 0xffffffffffffffff max_cycles: 0x24e6a1710, max_idle_ns: 440795202120 ns
Sep 05 10:31:10 DESKTOP-BQ08FA1 kernel: tsc: Detected 3494.400 MHz processor
Sep 05 10:31:10 DESKTOP-BQ08FA1 kernel: e820: update [mem 0x00000000-0x00000fff] usable ==> reserved
Sep 05 10:31:10 DESKTOP-BQ08FA1 kernel: e820: remove [mem 0x000a0000-0x000fffff] usable
Sep 05 10:31:10 DESKTOP-BQ08FA1 kernel: last_pfn = 0x402200 max_arch_pfn = 0x400000000
Sep 05 10:31:10 DESKTOP-BQ08FA1 kernel: x86/PAT: Configuration [0-7]: WB  WC  UC- UC  WB  WP  UC- WT  
Sep 05 10:31:10 DESKTOP-BQ08FA1 kernel: last_pfn = 0xf8000 max_arch_pfn = 0x400000000
Sep 05 10:31:10 DESKTOP-BQ08FA1 kernel: Using GB pages for direct mapping
Sep 05 10:31:10 DESKTOP-BQ08FA1 kernel: Incomplete global flushes, disabling PCID
Sep 05 10:31:10 DESKTOP-BQ08FA1 kernel: RAMDISK: [mem 0x03dda000-0x03fe1fff]
Sep 05 10:31:10 DESKTOP-BQ08FA1 kernel: ACPI: Early table checksum verification disabled
Sep 05 10:31:10 DESKTOP-BQ08FA1 kernel: ACPI: RSDP 0x00000000000E0000 000024 (v02 VRTUAL)
Sep 05 10:31:10 DESKTOP-BQ08FA1 kernel: ACPI: XSDT 0x0000000000100000 000044 (v01 VRTUAL MICROSFT 00000001 MSFT 00000001)
Sep 05 10:31:10 DESKTOP-BQ08FA1 kernel: ACPI: FACP 0x0000000000101000 000114 (v06 VRTUAL MICROSFT 00000001 MSFT 00000001)
Sep 05 10:31:10 DESKTOP-BQ08FA1 kernel: ACPI: DSDT 0x00000000001011B8 01E191 (v02 MSFTVM DSDT01   00000001 MSFT 05000000)
Sep 05 10:31:10 DESKTOP-BQ08FA1 kernel: ACPI: FACS 0x0000000000101114 000040
Sep 05 10:31:10 DESKTOP-BQ08FA1 kernel: ACPI: OEM0 0x0000000000101154 000064 (v01 VRTUAL MICROSFT 00000001 MSFT 00000001)
Sep 05 10:31:10 DESKTOP-BQ08FA1 kernel: ACPI: SRAT 0x000000000011F349 0003F0 (v02 VRTUAL MICROSFT 00000001 MSFT 00000001)
Sep 05 10:31:10 DESKTOP-BQ08FA1 kernel: ACPI: APIC 0x000000000011F739 0000E8 (v04 VRTUAL MICROSFT 00000001 MSFT 00000001)
Sep 05 10:31:10 DESKTOP-BQ08FA1 kernel: ACPI: Reserving FACP table memory at [mem 0x101000-0x101113]
Sep 05 10:31:10 DESKTOP-BQ08FA1 kernel: ACPI: Reserving DSDT table memory at [mem 0x1011b8-0x11f348]
Sep 05 10:31:10 DESKTOP-BQ08FA1 kernel: ACPI: Reserving FACS table memory at [mem 0x101114-0x101153]
Sep 05 10:31:10 DESKTOP-BQ08FA1 kernel: ACPI: Reserving OEM0 table memory at [mem 0x101154-0x1011b7]
Sep 05 10:31:10 DESKTOP-BQ08FA1 kernel: ACPI: Reserving SRAT table memory at [mem 0x11f349-0x11f738]
Sep 05 10:31:10 DESKTOP-BQ08FA1 kernel: ACPI: Reserving APIC table memory at [mem 0x11f739-0x11f820]
Sep 05 10:31:10 DESKTOP-BQ08FA1 kernel: Zone ranges:
Sep 05 10:31:10 DESKTOP-BQ08FA1 kernel:   DMA      [mem 0x0000000000001000-0x0000000000ffffff]
Sep 05 10:31:10 DESKTOP-BQ08FA1 kernel:   DMA32    [mem 0x0000000001000000-0x00000000ffffffff]
Sep 05 10:31:10 DESKTOP-BQ08FA1 kernel:   Normal   [mem 0x0000000100000000-0x00000004021fffff]
Sep 05 10:31:10 DESKTOP-BQ08FA1 kernel:   Device   empty
Sep 05 10:31:10 DESKTOP-BQ08FA1 kernel: Movable zone start for each node
Sep 05 10:31:10 DESKTOP-BQ08FA1 kernel: Early memory node ranges
Sep 05 10:31:10 DESKTOP-BQ08FA1 kernel:   node   0: [mem 0x0000000000001000-0x000000000009ffff]
Sep 05 10:31:10 DESKTOP-BQ08FA1 kernel:   node   0: [mem 0x0000000000200000-0x00000000f7ffffff]
Sep 05 10:31:10 DESKTOP-BQ08FA1 kernel:   node   0: [mem 0x0000000100000000-0x00000004021fffff]
Sep 05 10:31:10 DESKTOP-BQ08FA1 kernel: Initmem setup node 0 [mem 0x0000000000001000-0x00000004021fffff]
Sep 05 10:31:10 DESKTOP-BQ08FA1 kernel: On node 0, zone DMA: 1 pages in unavailable ranges
Sep 05 10:31:10 DESKTOP-BQ08FA1 kernel: On node 0, zone DMA: 352 pages in unavailable ranges
Sep 05 10:31:10 DESKTOP-BQ08FA1 kernel: On node 0, zone Normal: 24064 pages in unavailable ranges
Sep 05 10:31:10 DESKTOP-BQ08FA1 kernel: ACPI: LAPIC_NMI (acpi_id[0x01] dfl dfl lint[0x1])
Sep 05 10:31:10 DESKTOP-BQ08FA1 kernel: IOAPIC[0]: apic_id 20, version 17, address 0xfec00000, GSI 0-23
Sep 05 10:31:10 DESKTOP-BQ08FA1 kernel: ACPI: INT_SRC_OVR (bus 0 bus_irq 9 global_irq 9 high level)
Sep 05 10:31:10 DESKTOP-BQ08FA1 kernel: ACPI: Using ACPI (MADT) for SMP configuration information
Sep 05 10:31:10 DESKTOP-BQ08FA1 kernel: TSC deadline timer available
Sep 05 10:31:10 DESKTOP-BQ08FA1 kernel: smpboot: Allowing 20 CPUs, 0 hotplug CPUs
Sep 05 10:31:10 DESKTOP-BQ08FA1 kernel: [mem 0xf8000000-0xffffffff] available for PCI devices
Sep 05 10:31:10 DESKTOP-BQ08FA1 kernel: Booting paravirtualized kernel on Hyper-V
Sep 05 10:31:10 DESKTOP-BQ08FA1 kernel: clocksource: refined-jiffies: mask: 0xffffffff max_cycles: 0xffffffff, max_idle_ns: 19112604462750000 ns
Sep 05 10:31:10 DESKTOP-BQ08FA1 kernel: setup_percpu: NR_CPUS:256 nr_cpumask_bits:256 nr_cpu_ids:20 nr_node_ids:1
Sep 05 10:31:10 DESKTOP-BQ08FA1 kernel: percpu: Embedded 54 pages/cpu s180696 r8192 d32296 u262144
Sep 05 10:31:10 DESKTOP-BQ08FA1 kernel: pcpu-alloc: s180696 r8192 d32296 u262144 alloc=1*2097152
Sep 05 10:31:10 DESKTOP-BQ08FA1 kernel: pcpu-alloc: [0] 00 01 02 03 04 05 06 07 [0] 08 09 10 11 12 13 14 15 
Sep 05 10:31:10 DESKTOP-BQ08FA1 kernel: pcpu-alloc: [0] 16 17 18 19 -- -- -- -- 
Sep 05 10:31:10 DESKTOP-BQ08FA1 kernel: Hyper-V: PV spinlocks enabled
Sep 05 10:31:10 DESKTOP-BQ08FA1 kernel: PV qspinlock hash table entries: 256 (order: 0, 4096 bytes, linear)
Sep 05 10:31:10 DESKTOP-BQ08FA1 kernel: Built 1 zonelists, mobility grouping on.  Total pages: 4104061
Sep 05 10:31:10 DESKTOP-BQ08FA1 kernel: Kernel command line: initrd=\initrd.img WSL_ROOT_INIT=1 panic=-1 nr_cpus=20 hv_utils.timesync_implicit=1 cgroup_no_v1=all console=hvc0 debug pty.legacy_count=0
Sep 05 10:31:10 DESKTOP-BQ08FA1 kernel: Unknown kernel command line parameters "WSL_ROOT_INIT=1", will be passed to user space.
Sep 05 10:31:10 DESKTOP-BQ08FA1 kernel: printk: log_buf_len individual max cpu contribution: 4096 bytes
Sep 05 10:31:10 DESKTOP-BQ08FA1 kernel: printk: log_buf_len total cpu_extra contributions: 77824 bytes
Sep 05 10:31:10 DESKTOP-BQ08FA1 kernel: printk: log_buf_len min size: 131072 bytes
Sep 05 10:31:10 DESKTOP-BQ08FA1 kernel: printk: log_buf_len: 262144 bytes
Sep 05 10:31:10 DESKTOP-BQ08FA1 kernel: printk: early log buf free: 125584(95%)
Sep 05 10:31:10 DESKTOP-BQ08FA1 kernel: Dentry cache hash table entries: 2097152 (order: 12, 16777216 bytes, linear)
Sep 05 10:31:10 DESKTOP-BQ08FA1 kernel: Inode-cache hash table entries: 1048576 (order: 11, 8388608 bytes, linear)
Sep 05 10:31:10 DESKTOP-BQ08FA1 kernel: mem auto-init: stack:off, heap alloc:off, heap free:off
Sep 05 10:31:10 DESKTOP-BQ08FA1 kernel: Memory: 4124380K/16679548K available (18452K kernel code, 2628K rwdata, 9648K rodata, 2008K init, 1816K bss, 404336K reserved, 0K cma-reserved)
Sep 05 10:31:10 DESKTOP-BQ08FA1 kernel: SLUB: HWalign=64, Order=0-3, MinObjects=0, CPUs=20, Nodes=1
Sep 05 10:31:10 DESKTOP-BQ08FA1 kernel: ftrace: allocating 52916 entries in 207 pages
Sep 05 10:31:10 DESKTOP-BQ08FA1 kernel: ftrace: allocated 207 pages with 6 groups
Sep 05 10:31:10 DESKTOP-BQ08FA1 kernel: rcu: Hierarchical RCU implementation.
Sep 05 10:31:10 DESKTOP-BQ08FA1 kernel: rcu:         RCU restricting CPUs from NR_CPUS=256 to nr_cpu_ids=20.
Sep 05 10:31:10 DESKTOP-BQ08FA1 kernel:         Rude variant of Tasks RCU enabled.
Sep 05 10:31:10 DESKTOP-BQ08FA1 kernel:         Tracing variant of Tasks RCU enabled.
Sep 05 10:31:10 DESKTOP-BQ08FA1 kernel: rcu: RCU calculated value of scheduler-enlistment delay is 10 jiffies.
Sep 05 10:31:10 DESKTOP-BQ08FA1 kernel: rcu: Adjusting geometry for rcu_fanout_leaf=16, nr_cpu_ids=20
Sep 05 10:31:10 DESKTOP-BQ08FA1 kernel: Using NULL legacy PIC
Sep 05 10:31:10 DESKTOP-BQ08FA1 kernel: NR_IRQS: 16640, nr_irqs: 584, preallocated irqs: 0
Sep 05 10:31:10 DESKTOP-BQ08FA1 kernel: random: crng init done
Sep 05 10:31:10 DESKTOP-BQ08FA1 kernel: Console: colour dummy device 80x25
Sep 05 10:31:10 DESKTOP-BQ08FA1 kernel: ACPI: Core revision 20210730
Sep 05 10:31:10 DESKTOP-BQ08FA1 kernel: Failed to register legacy timer interrupt
Sep 05 10:31:10 DESKTOP-BQ08FA1 kernel: APIC: Switch to symmetric I/O mode setup
Sep 05 10:31:10 DESKTOP-BQ08FA1 kernel: x2apic enabled
Sep 05 10:31:10 DESKTOP-BQ08FA1 kernel: Switched APIC routing to physical x2apic.
Sep 05 10:31:10 DESKTOP-BQ08FA1 kernel: Hyper-V: Using IPI hypercalls
Sep 05 10:31:10 DESKTOP-BQ08FA1 kernel: clocksource: tsc-early: mask: 0xffffffffffffffff max_cycles: 0x325ea749ca1, max_idle_ns: 440795373125 ns
Sep 05 10:31:10 DESKTOP-BQ08FA1 kernel: Calibrating delay loop (skipped), value calculated using timer frequency.. 6988.80 BogoMIPS (lpj=34944000)
Sep 05 10:31:10 DESKTOP-BQ08FA1 kernel: x86/cpu: User Mode Instruction Prevention (UMIP) activated
Sep 05 10:31:10 DESKTOP-BQ08FA1 kernel: Last level iTLB entries: 4KB 0, 2MB 0, 4MB 0
Sep 05 10:31:10 DESKTOP-BQ08FA1 kernel: Last level dTLB entries: 4KB 0, 2MB 0, 4MB 0, 1GB 0
Sep 05 10:31:10 DESKTOP-BQ08FA1 kernel: Spectre V1 : Mitigation: usercopy/swapgs barriers and __user pointer sanitization
Sep 05 10:31:10 DESKTOP-BQ08FA1 kernel: Spectre V2 : Mitigation: Enhanced IBRS
Sep 05 10:31:10 DESKTOP-BQ08FA1 kernel: Spectre V2 : Spectre v2 / SpectreRSB mitigation: Filling RSB on context switch
Sep 05 10:31:10 DESKTOP-BQ08FA1 kernel: Spectre V2 : Spectre v2 / PBRSB-eIBRS: Retire a single CALL on VMEXIT
Sep 05 10:31:10 DESKTOP-BQ08FA1 kernel: RETBleed: Mitigation: Enhanced IBRS
Sep 05 10:31:10 DESKTOP-BQ08FA1 kernel: Spectre V2 : mitigation: Enabling conditional Indirect Branch Prediction Barrier
Sep 05 10:31:10 DESKTOP-BQ08FA1 kernel: Speculative Store Bypass: Mitigation: Speculative Store Bypass disabled via prctl and seccomp
Sep 05 10:31:10 DESKTOP-BQ08FA1 kernel: x86/fpu: Supporting XSAVE feature 0x001: 'x87 floating point registers'
Sep 05 10:31:10 DESKTOP-BQ08FA1 kernel: x86/fpu: Supporting XSAVE feature 0x002: 'SSE registers'
Sep 05 10:31:10 DESKTOP-BQ08FA1 kernel: x86/fpu: Supporting XSAVE feature 0x004: 'AVX registers'
Sep 05 10:31:10 DESKTOP-BQ08FA1 kernel: x86/fpu: xstate_offset[2]:  576, xstate_sizes[2]:  256
Sep 05 10:31:10 DESKTOP-BQ08FA1 kernel: x86/fpu: Enabled xstate features 0x7, context size is 832 bytes, using 'compacted' format.
Sep 05 10:31:10 DESKTOP-BQ08FA1 kernel: Freeing SMP alternatives memory: 60K
Sep 05 10:31:10 DESKTOP-BQ08FA1 kernel: pid_max: default: 32768 minimum: 301
Sep 05 10:31:10 DESKTOP-BQ08FA1 kernel: LSM: Security Framework initializing
Sep 05 10:31:10 DESKTOP-BQ08FA1 kernel: landlock: Up and running.
Sep 05 10:31:10 DESKTOP-BQ08FA1 kernel: Mount-cache hash table entries: 32768 (order: 6, 262144 bytes, linear)
Sep 05 10:31:10 DESKTOP-BQ08FA1 kernel: Mountpoint-cache hash table entries: 32768 (order: 6, 262144 bytes, linear)
Sep 05 10:31:10 DESKTOP-BQ08FA1 kernel: Disabling cpuset control group subsystem in v1 mounts
Sep 05 10:31:10 DESKTOP-BQ08FA1 kernel: Disabling cpu control group subsystem in v1 mounts
Sep 05 10:31:10 DESKTOP-BQ08FA1 kernel: Disabling cpuacct control group subsystem in v1 mounts
Sep 05 10:31:10 DESKTOP-BQ08FA1 kernel: Disabling io control group subsystem in v1 mounts
Sep 05 10:31:10 DESKTOP-BQ08FA1 kernel: Disabling memory control group subsystem in v1 mounts
Sep 05 10:31:10 DESKTOP-BQ08FA1 kernel: Disabling devices control group subsystem in v1 mounts
Sep 05 10:31:10 DESKTOP-BQ08FA1 kernel: Disabling freezer control group subsystem in v1 mounts
Sep 05 10:31:10 DESKTOP-BQ08FA1 kernel: Disabling net_cls control group subsystem in v1 mounts
Sep 05 10:31:10 DESKTOP-BQ08FA1 kernel: Disabling perf_event control group subsystem in v1 mounts
Sep 05 10:31:10 DESKTOP-BQ08FA1 kernel: Disabling net_prio control group subsystem in v1 mounts
Sep 05 10:31:10 DESKTOP-BQ08FA1 kernel: Disabling hugetlb control group subsystem in v1 mounts
Sep 05 10:31:10 DESKTOP-BQ08FA1 kernel: Disabling pids control group subsystem in v1 mounts
Sep 05 10:31:10 DESKTOP-BQ08FA1 kernel: Disabling rdma control group subsystem in v1 mounts
Sep 05 10:31:10 DESKTOP-BQ08FA1 kernel: Disabling misc control group subsystem in v1 mounts
Sep 05 10:31:10 DESKTOP-BQ08FA1 kernel: smpboot: CPU0: 13th Gen Intel(R) Core(TM) i5-13600KF (family: 0x6, model: 0xb7, stepping: 0x1)
Sep 05 10:31:10 DESKTOP-BQ08FA1 kernel: Performance Events: unsupported p6 CPU model 183 no PMU driver, software events only.
Sep 05 10:31:10 DESKTOP-BQ08FA1 kernel: signal: max sigframe size: 1776
Sep 05 10:31:10 DESKTOP-BQ08FA1 kernel: rcu: Hierarchical SRCU implementation.
Sep 05 10:31:10 DESKTOP-BQ08FA1 kernel: smp: Bringing up secondary CPUs ...
Sep 05 10:31:10 DESKTOP-BQ08FA1 kernel: x86: Booting SMP configuration:
Sep 05 10:31:10 DESKTOP-BQ08FA1 kernel: .... node  #0, CPUs:        #1  #2  #3  #4  #5  #6  #7  #8  #9 #10 #11 #12 #13 #14 #15 #16 #17 #18 #19
Sep 05 10:31:10 DESKTOP-BQ08FA1 kernel: smp: Brought up 1 node, 20 CPUs
Sep 05 10:31:10 DESKTOP-BQ08FA1 kernel: smpboot: Max logical packages: 1
Sep 05 10:31:10 DESKTOP-BQ08FA1 kernel: smpboot: Total of 20 processors activated (139776.00 BogoMIPS)
Sep 05 10:31:10 DESKTOP-BQ08FA1 kernel: node 0 deferred pages initialised in 20ms
Sep 05 10:31:10 DESKTOP-BQ08FA1 kernel: devtmpfs: initialized
Sep 05 10:31:10 DESKTOP-BQ08FA1 kernel: x86/mm: Memory block size: 128MB
Sep 05 10:31:10 DESKTOP-BQ08FA1 kernel: clocksource: jiffies: mask: 0xffffffff max_cycles: 0xffffffff, max_idle_ns: 19112604462750000 ns
Sep 05 10:31:10 DESKTOP-BQ08FA1 kernel: futex hash table entries: 8192 (order: 7, 524288 bytes, linear)
Sep 05 10:31:10 DESKTOP-BQ08FA1 kernel: NET: Registered PF_NETLINK/PF_ROUTE protocol family
Sep 05 10:31:10 DESKTOP-BQ08FA1 kernel: audit: initializing netlink subsys (disabled)
Sep 05 10:31:10 DESKTOP-BQ08FA1 kernel: audit: type=2000 audit(1725503467.020:1): state=initialized audit_enabled=0 res=1
Sep 05 10:31:10 DESKTOP-BQ08FA1 kernel: thermal_sys: Registered thermal governor 'step_wise'
Sep 05 10:31:10 DESKTOP-BQ08FA1 kernel: cpuidle: using governor menu
Sep 05 10:31:10 DESKTOP-BQ08FA1 kernel: ACPI: bus type PCI registered
Sep 05 10:31:10 DESKTOP-BQ08FA1 kernel: PCI: Fatal: No config space access function found
Sep 05 10:31:10 DESKTOP-BQ08FA1 kernel: kprobes: kprobe jump-optimization is enabled. All kprobes are optimized if possible.
Sep 05 10:31:10 DESKTOP-BQ08FA1 kernel: HugeTLB registered 1.00 GiB page size, pre-allocated 0 pages
Sep 05 10:31:10 DESKTOP-BQ08FA1 kernel: HugeTLB registered 2.00 MiB page size, pre-allocated 0 pages
Sep 05 10:31:10 DESKTOP-BQ08FA1 kernel: raid6: skip pq benchmark and using algorithm avx2x4
Sep 05 10:31:10 DESKTOP-BQ08FA1 kernel: raid6: using avx2x2 recovery algorithm
Sep 05 10:31:10 DESKTOP-BQ08FA1 kernel: ACPI: Added _OSI(Module Device)
Sep 05 10:31:10 DESKTOP-BQ08FA1 kernel: ACPI: Added _OSI(Processor Device)
Sep 05 10:31:10 DESKTOP-BQ08FA1 kernel: ACPI: Added _OSI(3.0 _SCP Extensions)
Sep 05 10:31:10 DESKTOP-BQ08FA1 kernel: ACPI: Added _OSI(Processor Aggregator Device)
Sep 05 10:31:10 DESKTOP-BQ08FA1 kernel: ACPI: Added _OSI(Linux-Dell-Video)
Sep 05 10:31:10 DESKTOP-BQ08FA1 kernel: ACPI: Added _OSI(Linux-Lenovo-NV-HDMI-Audio)
Sep 05 10:31:10 DESKTOP-BQ08FA1 kernel: ACPI: Added _OSI(Linux-HPI-Hybrid-Graphics)
Sep 05 10:31:10 DESKTOP-BQ08FA1 kernel: ACPI: 1 ACPI AML tables successfully acquired and loaded
Sep 05 10:31:10 DESKTOP-BQ08FA1 kernel: ACPI: Interpreter enabled
Sep 05 10:31:10 DESKTOP-BQ08FA1 kernel: ACPI: PM: (supports S0 S5)
Sep 05 10:31:10 DESKTOP-BQ08FA1 kernel: ACPI: Using IOAPIC for interrupt routing
Sep 05 10:31:10 DESKTOP-BQ08FA1 kernel: PCI: Using host bridge windows from ACPI; if necessary, use "pci=nocrs" and report a bug
Sep 05 10:31:10 DESKTOP-BQ08FA1 kernel: ACPI: Enabled 1 GPEs in block 00 to 0F
Sep 05 10:31:10 DESKTOP-BQ08FA1 kernel: iommu: Default domain type: Translated 
Sep 05 10:31:10 DESKTOP-BQ08FA1 kernel: iommu: DMA domain TLB invalidation policy: lazy mode 
Sep 05 10:31:10 DESKTOP-BQ08FA1 kernel: SCSI subsystem initialized
Sep 05 10:31:10 DESKTOP-BQ08FA1 kernel: ACPI: bus type USB registered
Sep 05 10:31:10 DESKTOP-BQ08FA1 kernel: usbcore: registered new interface driver usbfs
Sep 05 10:31:10 DESKTOP-BQ08FA1 kernel: usbcore: registered new interface driver hub
Sep 05 10:31:10 DESKTOP-BQ08FA1 kernel: usbcore: registered new device driver usb
Sep 05 10:31:10 DESKTOP-BQ08FA1 kernel: pps_core: LinuxPPS API ver. 1 registered
Sep 05 10:31:10 DESKTOP-BQ08FA1 kernel: pps_core: Software ver. 5.3.6 - Copyright 2005-2007 Rodolfo Giometti <giometti@linux.it>
Sep 05 10:31:10 DESKTOP-BQ08FA1 kernel: PTP clock support registered
Sep 05 10:31:10 DESKTOP-BQ08FA1 kernel: hv_vmbus: Vmbus version:5.3
Sep 05 10:31:10 DESKTOP-BQ08FA1 kernel: PCI: Using ACPI for IRQ routing
Sep 05 10:31:10 DESKTOP-BQ08FA1 kernel: PCI: System does not support PCI
Sep 05 10:31:10 DESKTOP-BQ08FA1 kernel: clocksource: Switched to clocksource tsc-early
Sep 05 10:31:10 DESKTOP-BQ08FA1 kernel: hv_vmbus: Unknown GUID: c376c1c3-d276-48d2-90a9-c04748072c60
Sep 05 10:31:10 DESKTOP-BQ08FA1 kernel: hv_vmbus: Unknown GUID: 6e382d18-3336-4f4b-acc4-2b7703d4df4a
Sep 05 10:31:10 DESKTOP-BQ08FA1 kernel: hv_vmbus: Unknown GUID: dde9cbc0-5060-4436-9448-ea1254a5d177
Sep 05 10:31:10 DESKTOP-BQ08FA1 kernel: VFS: Disk quotas dquot_6.6.0
Sep 05 10:31:10 DESKTOP-BQ08FA1 kernel: VFS: Dquot-cache hash table entries: 512 (order 0, 4096 bytes)
Sep 05 10:31:10 DESKTOP-BQ08FA1 kernel: FS-Cache: Loaded
Sep 05 10:31:10 DESKTOP-BQ08FA1 kernel: pnp: PnP ACPI init
Sep 05 10:31:10 DESKTOP-BQ08FA1 kernel: pnp: PnP ACPI: found 1 devices
Sep 05 10:31:10 DESKTOP-BQ08FA1 kernel: NET: Registered PF_INET protocol family
Sep 05 10:31:10 DESKTOP-BQ08FA1 kernel: IP idents hash table entries: 262144 (order: 9, 2097152 bytes, linear)
Sep 05 10:31:10 DESKTOP-BQ08FA1 kernel: tcp_listen_portaddr_hash hash table entries: 8192 (order: 5, 131072 bytes, linear)
Sep 05 10:31:10 DESKTOP-BQ08FA1 kernel: Table-perturb hash table entries: 65536 (order: 6, 262144 bytes, linear)
Sep 05 10:31:10 DESKTOP-BQ08FA1 kernel: TCP established hash table entries: 131072 (order: 8, 1048576 bytes, linear)
Sep 05 10:31:10 DESKTOP-BQ08FA1 kernel: TCP bind hash table entries: 65536 (order: 8, 1048576 bytes, linear)
Sep 05 10:31:10 DESKTOP-BQ08FA1 kernel: TCP: Hash tables configured (established 131072 bind 65536)
Sep 05 10:31:10 DESKTOP-BQ08FA1 kernel: UDP hash table entries: 8192 (order: 6, 262144 bytes, linear)
Sep 05 10:31:10 DESKTOP-BQ08FA1 kernel: UDP-Lite hash table entries: 8192 (order: 6, 262144 bytes, linear)
Sep 05 10:31:10 DESKTOP-BQ08FA1 kernel: NET: Registered PF_UNIX/PF_LOCAL protocol family
Sep 05 10:31:10 DESKTOP-BQ08FA1 kernel: RPC: Registered named UNIX socket transport module.
Sep 05 10:31:10 DESKTOP-BQ08FA1 kernel: RPC: Registered udp transport module.
Sep 05 10:31:10 DESKTOP-BQ08FA1 kernel: RPC: Registered tcp transport module.
Sep 05 10:31:10 DESKTOP-BQ08FA1 kernel: RPC: Registered tcp NFSv4.1 backchannel transport module.
Sep 05 10:31:10 DESKTOP-BQ08FA1 kernel: PCI: CLS 0 bytes, default 64
Sep 05 10:31:10 DESKTOP-BQ08FA1 kernel: PCI-DMA: Using software bounce buffering for IO (SWIOTLB)
Sep 05 10:31:10 DESKTOP-BQ08FA1 kernel: software IO TLB: mapped [mem 0x00000000f4000000-0x00000000f8000000] (64MB)
Sep 05 10:31:10 DESKTOP-BQ08FA1 kernel: KVM: vmx: using Hyper-V Enlightened VMCS
Sep 05 10:31:10 DESKTOP-BQ08FA1 kernel: Trying to unpack rootfs image as initramfs...
Sep 05 10:31:10 DESKTOP-BQ08FA1 kernel: Freeing initrd memory: 2080K
Sep 05 10:31:10 DESKTOP-BQ08FA1 kernel: kvm: already loaded the other module
Sep 05 10:31:10 DESKTOP-BQ08FA1 kernel: Initialise system trusted keyrings
Sep 05 10:31:10 DESKTOP-BQ08FA1 kernel: workingset: timestamp_bits=46 max_order=22 bucket_order=0
Sep 05 10:31:10 DESKTOP-BQ08FA1 kernel: squashfs: version 4.0 (2009/01/31) Phillip Lougher
Sep 05 10:31:10 DESKTOP-BQ08FA1 kernel: NFS: Registering the id_resolver key type
Sep 05 10:31:10 DESKTOP-BQ08FA1 kernel: Key type id_resolver registered
Sep 05 10:31:10 DESKTOP-BQ08FA1 kernel: Key type id_legacy registered
Sep 05 10:31:10 DESKTOP-BQ08FA1 kernel: nfs4filelayout_init: NFSv4 File Layout Driver Registering...
Sep 05 10:31:10 DESKTOP-BQ08FA1 kernel: nfs4flexfilelayout_init: NFSv4 Flexfile Layout Driver Registering...
Sep 05 10:31:10 DESKTOP-BQ08FA1 kernel: Installing knfsd (copyright (C) 1996 okir@monad.swb.de).
Sep 05 10:31:10 DESKTOP-BQ08FA1 kernel: Key type cifs.idmap registered
Sep 05 10:31:10 DESKTOP-BQ08FA1 kernel: fuse: init (API version 7.34)
Sep 05 10:31:10 DESKTOP-BQ08FA1 kernel: SGI XFS with ACLs, security attributes, realtime, scrub, repair, quota, no debug enabled
Sep 05 10:31:10 DESKTOP-BQ08FA1 kernel: 9p: Installing v9fs 9p2000 file system support
Sep 05 10:31:10 DESKTOP-BQ08FA1 kernel: FS-Cache: Netfs '9p' registered for caching
Sep 05 10:31:10 DESKTOP-BQ08FA1 kernel: FS-Cache: Netfs 'ceph' registered for caching
Sep 05 10:31:10 DESKTOP-BQ08FA1 kernel: ceph: loaded (mds proto 32)
Sep 05 10:31:10 DESKTOP-BQ08FA1 kernel: NET: Registered PF_ALG protocol family
Sep 05 10:31:10 DESKTOP-BQ08FA1 kernel: xor: automatically using best checksumming function   avx       
Sep 05 10:31:10 DESKTOP-BQ08FA1 kernel: Key type asymmetric registered
Sep 05 10:31:10 DESKTOP-BQ08FA1 kernel: Asymmetric key parser 'x509' registered
Sep 05 10:31:10 DESKTOP-BQ08FA1 kernel: Block layer SCSI generic (bsg) driver version 0.4 loaded (major 248)
Sep 05 10:31:10 DESKTOP-BQ08FA1 kernel: hv_vmbus: registering driver hv_pci
Sep 05 10:31:10 DESKTOP-BQ08FA1 kernel: hv_pci ccedd94f-f41f-442c-b20c-763dbf5f12de: PCI VMBus probing: Using version 0x10004
Sep 05 10:31:10 DESKTOP-BQ08FA1 kernel: hv_pci ccedd94f-f41f-442c-b20c-763dbf5f12de: PCI host bridge to bus f41f:00
Sep 05 10:31:10 DESKTOP-BQ08FA1 kernel: pci_bus f41f:00: root bus resource [mem 0x9ffe00000-0x9ffe02fff window]
Sep 05 10:31:10 DESKTOP-BQ08FA1 kernel: pci_bus f41f:00: No busn resource found for root bus, will use [bus 00-ff]
Sep 05 10:31:10 DESKTOP-BQ08FA1 kernel: pci f41f:00:00.0: [1af4:1043] type 00 class 0x010000
Sep 05 10:31:10 DESKTOP-BQ08FA1 kernel: pci f41f:00:00.0: reg 0x10: [mem 0x9ffe00000-0x9ffe00fff 64bit]
Sep 05 10:31:10 DESKTOP-BQ08FA1 kernel: pci f41f:00:00.0: reg 0x18: [mem 0x9ffe01000-0x9ffe01fff 64bit]
Sep 05 10:31:10 DESKTOP-BQ08FA1 kernel: pci f41f:00:00.0: reg 0x20: [mem 0x9ffe02000-0x9ffe02fff 64bit]
Sep 05 10:31:10 DESKTOP-BQ08FA1 kernel: pci_bus f41f:00: busn_res: [bus 00-ff] end is updated to 00
Sep 05 10:31:10 DESKTOP-BQ08FA1 kernel: pci f41f:00:00.0: BAR 0: assigned [mem 0x9ffe00000-0x9ffe00fff 64bit]
Sep 05 10:31:10 DESKTOP-BQ08FA1 kernel: pci f41f:00:00.0: BAR 2: assigned [mem 0x9ffe01000-0x9ffe01fff 64bit]
Sep 05 10:31:10 DESKTOP-BQ08FA1 kernel: pci f41f:00:00.0: BAR 4: assigned [mem 0x9ffe02000-0x9ffe02fff 64bit]
Sep 05 10:31:10 DESKTOP-BQ08FA1 kernel: hv_pci 9808dce4-e476-414e-9ca8-995206458964: PCI VMBus probing: Using version 0x10004
Sep 05 10:31:10 DESKTOP-BQ08FA1 kernel: hv_pci 9808dce4-e476-414e-9ca8-995206458964: PCI host bridge to bus e476:00
Sep 05 10:31:10 DESKTOP-BQ08FA1 kernel: pci_bus e476:00: No busn resource found for root bus, will use [bus 00-ff]
Sep 05 10:31:10 DESKTOP-BQ08FA1 kernel: pci e476:00:00.0: [1414:008e] type 00 class 0x030200
Sep 05 10:31:10 DESKTOP-BQ08FA1 kernel: pci_bus e476:00: busn_res: [bus 00-ff] end is updated to 00
Sep 05 10:31:10 DESKTOP-BQ08FA1 kernel: Serial: 8250/16550 driver, 4 ports, IRQ sharing disabled
Sep 05 10:31:10 DESKTOP-BQ08FA1 kernel: Non-volatile memory driver v1.3
Sep 05 10:31:10 DESKTOP-BQ08FA1 kernel: [drm] Initialized vgem 1.0.0 20120112 for vgem on minor 0
Sep 05 10:31:10 DESKTOP-BQ08FA1 kernel: printk: console [hvc0] enabled
Sep 05 10:31:10 DESKTOP-BQ08FA1 kernel: brd: module loaded
Sep 05 10:31:10 DESKTOP-BQ08FA1 kernel: loop: module loaded
Sep 05 10:31:10 DESKTOP-BQ08FA1 kernel: hv_vmbus: registering driver hv_storvsc
Sep 05 10:31:10 DESKTOP-BQ08FA1 kernel: wireguard: WireGuard 1.0.0 loaded. See www.wireguard.com for information.
Sep 05 10:31:10 DESKTOP-BQ08FA1 kernel: wireguard: Copyright (C) 2015-2019 Jason A. Donenfeld <Jason@zx2c4.com>. All Rights Reserved.
Sep 05 10:31:10 DESKTOP-BQ08FA1 kernel: tun: Universal TUN/TAP device driver, 1.6
Sep 05 10:31:10 DESKTOP-BQ08FA1 kernel: PPP generic driver version 2.4.2
Sep 05 10:31:10 DESKTOP-BQ08FA1 kernel: PPP BSD Compression module registered
Sep 05 10:31:10 DESKTOP-BQ08FA1 kernel: scsi host0: storvsc_host_t
Sep 05 10:31:10 DESKTOP-BQ08FA1 kernel: PPP Deflate Compression module registered
Sep 05 10:31:10 DESKTOP-BQ08FA1 kernel: PPP MPPE Compression module registered
Sep 05 10:31:10 DESKTOP-BQ08FA1 kernel: NET: Registered PF_PPPOX protocol family
Sep 05 10:31:10 DESKTOP-BQ08FA1 kernel: usbcore: registered new interface driver cdc_ether
Sep 05 10:31:10 DESKTOP-BQ08FA1 kernel: usbcore: registered new interface driver cdc_ncm
Sep 05 10:31:10 DESKTOP-BQ08FA1 kernel: usbcore: registered new interface driver r8153_ecm
Sep 05 10:31:10 DESKTOP-BQ08FA1 kernel: hv_vmbus: registering driver hv_netvsc
Sep 05 10:31:10 DESKTOP-BQ08FA1 kernel: VFIO - User Level meta-driver version: 0.3
Sep 05 10:31:10 DESKTOP-BQ08FA1 kernel: usbcore: registered new interface driver cdc_acm
Sep 05 10:31:10 DESKTOP-BQ08FA1 kernel: cdc_acm: USB Abstract Control Model driver for USB modems and ISDN adapters
Sep 05 10:31:10 DESKTOP-BQ08FA1 kernel: vhci_hcd vhci_hcd.0: USB/IP Virtual Host Controller
Sep 05 10:31:10 DESKTOP-BQ08FA1 kernel: vhci_hcd vhci_hcd.0: new USB bus registered, assigned bus number 1
Sep 05 10:31:10 DESKTOP-BQ08FA1 kernel: vhci_hcd: created sysfs vhci_hcd.0
Sep 05 10:31:10 DESKTOP-BQ08FA1 kernel: usb usb1: New USB device found, idVendor=1d6b, idProduct=0002, bcdDevice= 5.15
Sep 05 10:31:10 DESKTOP-BQ08FA1 kernel: usb usb1: New USB device strings: Mfr=3, Product=2, SerialNumber=1
Sep 05 10:31:10 DESKTOP-BQ08FA1 kernel: usb usb1: Product: USB/IP Virtual Host Controller
Sep 05 10:31:10 DESKTOP-BQ08FA1 kernel: usb usb1: Manufacturer: Linux 5.15.153.1-microsoft-standard-WSL2 vhci_hcd
Sep 05 10:31:10 DESKTOP-BQ08FA1 kernel: usb usb1: SerialNumber: vhci_hcd.0
Sep 05 10:31:10 DESKTOP-BQ08FA1 kernel: hub 1-0:1.0: USB hub found
Sep 05 10:31:10 DESKTOP-BQ08FA1 kernel: hub 1-0:1.0: 8 ports detected
Sep 05 10:31:10 DESKTOP-BQ08FA1 kernel: vhci_hcd vhci_hcd.0: USB/IP Virtual Host Controller
Sep 05 10:31:10 DESKTOP-BQ08FA1 kernel: vhci_hcd vhci_hcd.0: new USB bus registered, assigned bus number 2
Sep 05 10:31:10 DESKTOP-BQ08FA1 kernel: usb usb2: We don't know the algorithms for LPM for this host, disabling LPM.
Sep 05 10:31:10 DESKTOP-BQ08FA1 kernel: usb usb2: New USB device found, idVendor=1d6b, idProduct=0003, bcdDevice= 5.15
Sep 05 10:31:10 DESKTOP-BQ08FA1 kernel: usb usb2: New USB device strings: Mfr=3, Product=2, SerialNumber=1
Sep 05 10:31:10 DESKTOP-BQ08FA1 kernel: usb usb2: Product: USB/IP Virtual Host Controller
Sep 05 10:31:10 DESKTOP-BQ08FA1 kernel: usb usb2: Manufacturer: Linux 5.15.153.1-microsoft-standard-WSL2 vhci_hcd
Sep 05 10:31:10 DESKTOP-BQ08FA1 kernel: usb usb2: SerialNumber: vhci_hcd.0
Sep 05 10:31:10 DESKTOP-BQ08FA1 kernel: hub 2-0:1.0: USB hub found
Sep 05 10:31:10 DESKTOP-BQ08FA1 kernel: hub 2-0:1.0: 8 ports detected
Sep 05 10:31:10 DESKTOP-BQ08FA1 kernel: hv_vmbus: registering driver hyperv_keyboard
Sep 05 10:31:10 DESKTOP-BQ08FA1 kernel: rtc_cmos 00:00: RTC can wake from S4
Sep 05 10:31:10 DESKTOP-BQ08FA1 kernel: rtc_cmos 00:00: registered as rtc0
Sep 05 10:31:10 DESKTOP-BQ08FA1 kernel: rtc_cmos 00:00: setting system clock to 2024-09-05T02:31:07 UTC (1725503467)
Sep 05 10:31:10 DESKTOP-BQ08FA1 kernel: rtc_cmos 00:00: alarms up to one month, 114 bytes nvram
Sep 05 10:31:10 DESKTOP-BQ08FA1 kernel: device-mapper: ioctl: 4.45.0-ioctl (2021-03-22) initialised: dm-devel@redhat.com
Sep 05 10:31:10 DESKTOP-BQ08FA1 kernel: device-mapper: raid: Loading target version 1.15.1
Sep 05 10:31:10 DESKTOP-BQ08FA1 kernel: hid: raw HID events driver (C) Jiri Kosina
Sep 05 10:31:10 DESKTOP-BQ08FA1 kernel: usbcore: registered new interface driver usbhid
Sep 05 10:31:10 DESKTOP-BQ08FA1 kernel: usbhid: USB HID core driver
Sep 05 10:31:10 DESKTOP-BQ08FA1 kernel: hv_utils: Registering HyperV Utility Driver
Sep 05 10:31:10 DESKTOP-BQ08FA1 kernel: hv_vmbus: registering driver hv_utils
Sep 05 10:31:10 DESKTOP-BQ08FA1 kernel: hv_vmbus: registering driver hv_balloon
Sep 05 10:31:10 DESKTOP-BQ08FA1 kernel: hv_utils: TimeSync IC version 4.0
Sep 05 10:31:10 DESKTOP-BQ08FA1 kernel: hv_vmbus: registering driver dxgkrnl
Sep 05 10:31:10 DESKTOP-BQ08FA1 kernel: hv_balloon: Using Dynamic Memory protocol version 2.0
Sep 05 10:31:10 DESKTOP-BQ08FA1 kernel: drop_monitor: Initializing network drop monitor service
Sep 05 10:31:10 DESKTOP-BQ08FA1 kernel: Mirror/redirect action on
Sep 05 10:31:10 DESKTOP-BQ08FA1 kernel: u32 classifier
Sep 05 10:31:10 DESKTOP-BQ08FA1 kernel: Free page reporting enabled
Sep 05 10:31:10 DESKTOP-BQ08FA1 kernel:     Performance counters on
Sep 05 10:31:10 DESKTOP-BQ08FA1 kernel:     input device check on
Sep 05 10:31:10 DESKTOP-BQ08FA1 kernel:     Actions configured
Sep 05 10:31:10 DESKTOP-BQ08FA1 kernel: hv_balloon: Cold memory discard hint enabled with order 9
Sep 05 10:31:10 DESKTOP-BQ08FA1 kernel: IPVS: Registered protocols (TCP, UDP)
Sep 05 10:31:10 DESKTOP-BQ08FA1 kernel: IPVS: Connection hash table configured (size=4096, memory=32Kbytes)
Sep 05 10:31:10 DESKTOP-BQ08FA1 kernel: IPVS: ipvs loaded.
Sep 05 10:31:10 DESKTOP-BQ08FA1 kernel: IPVS: [rr] scheduler registered.
Sep 05 10:31:10 DESKTOP-BQ08FA1 kernel: IPVS: [wrr] scheduler registered.
Sep 05 10:31:10 DESKTOP-BQ08FA1 kernel: IPVS: [sh] scheduler registered.
Sep 05 10:31:10 DESKTOP-BQ08FA1 kernel: ipt_CLUSTERIP: ClusterIP Version 0.8 loaded successfully
Sep 05 10:31:10 DESKTOP-BQ08FA1 kernel: Initializing XFRM netlink socket
Sep 05 10:31:10 DESKTOP-BQ08FA1 kernel: NET: Registered PF_INET6 protocol family
Sep 05 10:31:10 DESKTOP-BQ08FA1 kernel: Segment Routing with IPv6
Sep 05 10:31:10 DESKTOP-BQ08FA1 kernel: In-situ OAM (IOAM) with IPv6
Sep 05 10:31:10 DESKTOP-BQ08FA1 kernel: NET: Registered PF_PACKET protocol family
Sep 05 10:31:10 DESKTOP-BQ08FA1 kernel: Bridge firewalling registered
Sep 05 10:31:10 DESKTOP-BQ08FA1 kernel: 8021q: 802.1Q VLAN Support v1.8
Sep 05 10:31:10 DESKTOP-BQ08FA1 kernel: sctp: Hash tables configured (bind 256/256)
Sep 05 10:31:10 DESKTOP-BQ08FA1 kernel: 9pnet: Installing 9P2000 support
Sep 05 10:31:10 DESKTOP-BQ08FA1 kernel: Key type dns_resolver registered
Sep 05 10:31:10 DESKTOP-BQ08FA1 kernel: Key type ceph registered
Sep 05 10:31:10 DESKTOP-BQ08FA1 kernel: libceph: loaded (mon/osd proto 15/24)
Sep 05 10:31:10 DESKTOP-BQ08FA1 kernel: NET: Registered PF_VSOCK protocol family
Sep 05 10:31:10 DESKTOP-BQ08FA1 kernel: hv_vmbus: registering driver hv_sock
Sep 05 10:31:10 DESKTOP-BQ08FA1 kernel: IPI shorthand broadcast: enabled
Sep 05 10:31:10 DESKTOP-BQ08FA1 kernel: sched_clock: Marking stable (243331183, 2280400)->(255503400, -9891817)
Sep 05 10:31:10 DESKTOP-BQ08FA1 kernel: registered taskstats version 1
Sep 05 10:31:10 DESKTOP-BQ08FA1 kernel: Loading compiled-in X.509 certificates
Sep 05 10:31:10 DESKTOP-BQ08FA1 kernel: Btrfs loaded, crc32c=crc32c-generic, zoned=no, fsverity=no
Sep 05 10:31:10 DESKTOP-BQ08FA1 kernel: Freeing unused kernel image (initmem) memory: 2008K
Sep 05 10:31:10 DESKTOP-BQ08FA1 kernel: Write protecting the kernel read-only data: 30720k
Sep 05 10:31:10 DESKTOP-BQ08FA1 kernel: Freeing unused kernel image (text/rodata gap) memory: 2024K
Sep 05 10:31:10 DESKTOP-BQ08FA1 kernel: Freeing unused kernel image (rodata/data gap) memory: 592K
Sep 05 10:31:10 DESKTOP-BQ08FA1 kernel: Run /init as init process
Sep 05 10:31:10 DESKTOP-BQ08FA1 kernel:   with arguments:
Sep 05 10:31:10 DESKTOP-BQ08FA1 kernel:     /init
Sep 05 10:31:10 DESKTOP-BQ08FA1 kernel:   with environment:
Sep 05 10:31:10 DESKTOP-BQ08FA1 kernel:     HOME=/
Sep 05 10:31:10 DESKTOP-BQ08FA1 kernel:     TERM=linux
Sep 05 10:31:10 DESKTOP-BQ08FA1 kernel:     WSL_ROOT_INIT=1
Sep 05 10:31:10 DESKTOP-BQ08FA1 kernel: scsi 0:0:0:0: Direct-Access     Msft     Virtual Disk     1.0  PQ: 0 ANSI: 5
Sep 05 10:31:10 DESKTOP-BQ08FA1 kernel: sd 0:0:0:0: Attached scsi generic sg0 type 0
Sep 05 10:31:10 DESKTOP-BQ08FA1 kernel: sd 0:0:0:0: [sda] 795856 512-byte logical blocks: (407 MB/389 MiB)
Sep 05 10:31:10 DESKTOP-BQ08FA1 kernel: sd 0:0:0:0: [sda] Write Protect is on
Sep 05 10:31:10 DESKTOP-BQ08FA1 kernel: sd 0:0:0:0: [sda] Mode Sense: 0f 00 80 00
Sep 05 10:31:10 DESKTOP-BQ08FA1 kernel: sd 0:0:0:0: [sda] Write cache: disabled, read cache: enabled, doesn't support DPO or FUA
Sep 05 10:31:10 DESKTOP-BQ08FA1 kernel: sd 0:0:0:0: [sda] Attached SCSI disk
Sep 05 10:31:10 DESKTOP-BQ08FA1 kernel: scsi 0:0:0:1: Direct-Access     Msft     Virtual Disk     1.0  PQ: 0 ANSI: 5
Sep 05 10:31:10 DESKTOP-BQ08FA1 kernel: EXT4-fs (sda): mounted filesystem without journal. Opts: (null). Quota mode: none.
Sep 05 10:31:10 DESKTOP-BQ08FA1 kernel: sd 0:0:0:1: Attached scsi generic sg1 type 0
Sep 05 10:31:10 DESKTOP-BQ08FA1 kernel: sd 0:0:0:1: [sdb] 8388616 512-byte logical blocks: (4.29 GB/4.00 GiB)
Sep 05 10:31:10 DESKTOP-BQ08FA1 kernel: sd 0:0:0:1: [sdb] 4096-byte physical blocks
Sep 05 10:31:10 DESKTOP-BQ08FA1 kernel: sd 0:0:0:1: [sdb] Write Protect is off
Sep 05 10:31:10 DESKTOP-BQ08FA1 kernel: sd 0:0:0:1: [sdb] Mode Sense: 0f 00 00 00
Sep 05 10:31:10 DESKTOP-BQ08FA1 kernel: sd 0:0:0:1: [sdb] Write cache: enabled, read cache: enabled, doesn't support DPO or FUA
Sep 05 10:31:10 DESKTOP-BQ08FA1 kernel: sd 0:0:0:1: [sdb] Attached SCSI disk
Sep 05 10:31:10 DESKTOP-BQ08FA1 kernel: Adding 4194304k swap on /dev/sdb.  Priority:-2 extents:1 across:4194304k 
Sep 05 10:31:10 DESKTOP-BQ08FA1 kernel: IPv6: ADDRCONF(NETDEV_CHANGE): eth0: link becomes ready
Sep 05 10:31:10 DESKTOP-BQ08FA1 kernel: hv_netvsc fc232fd7-4443-4791-a539-deef713ec4d4 loopback0: renamed from eth3
Sep 05 10:31:10 DESKTOP-BQ08FA1 kernel: clocksource: tsc: mask: 0xffffffffffffffff max_cycles: 0x325ea749ca1, max_idle_ns: 440795373125 ns
Sep 05 10:31:10 DESKTOP-BQ08FA1 kernel: clocksource: Switched to clocksource tsc
Sep 05 10:31:10 DESKTOP-BQ08FA1 kernel: hv_pci f446f15e-7eb0-4399-abef-4fa7190e7a33: PCI VMBus probing: Using version 0x10004
Sep 05 10:31:10 DESKTOP-BQ08FA1 kernel: hv_pci f446f15e-7eb0-4399-abef-4fa7190e7a33: PCI host bridge to bus 7eb0:00
Sep 05 10:31:10 DESKTOP-BQ08FA1 kernel: pci_bus 7eb0:00: root bus resource [mem 0xc00000000-0xe00001fff window]
Sep 05 10:31:10 DESKTOP-BQ08FA1 kernel: pci_bus 7eb0:00: No busn resource found for root bus, will use [bus 00-ff]
Sep 05 10:31:10 DESKTOP-BQ08FA1 kernel: pci 7eb0:00:00.0: [1af4:105a] type 00 class 0x088000
Sep 05 10:31:10 DESKTOP-BQ08FA1 kernel: pci 7eb0:00:00.0: reg 0x10: [mem 0xe00000000-0xe00000fff 64bit]
Sep 05 10:31:10 DESKTOP-BQ08FA1 kernel: pci 7eb0:00:00.0: reg 0x18: [mem 0xe00001000-0xe00001fff 64bit]
Sep 05 10:31:10 DESKTOP-BQ08FA1 kernel: pci 7eb0:00:00.0: reg 0x20: [mem 0xc00000000-0xdffffffff 64bit]
Sep 05 10:31:10 DESKTOP-BQ08FA1 kernel: pci_bus 7eb0:00: busn_res: [bus 00-ff] end is updated to 00
Sep 05 10:31:10 DESKTOP-BQ08FA1 kernel: pci 7eb0:00:00.0: BAR 4: assigned [mem 0xc00000000-0xdffffffff 64bit]
Sep 05 10:31:10 DESKTOP-BQ08FA1 kernel: pci 7eb0:00:00.0: BAR 0: assigned [mem 0xe00000000-0xe00000fff 64bit]
Sep 05 10:31:10 DESKTOP-BQ08FA1 kernel: pci 7eb0:00:00.0: BAR 2: assigned [mem 0xe00001000-0xe00001fff 64bit]
Sep 05 10:31:10 DESKTOP-BQ08FA1 kernel: virtiofs virtio1: Cache len: 0x200000000 @ 0xc00000000
Sep 05 10:31:10 DESKTOP-BQ08FA1 kernel: memmap_init_zone_device initialised 2097152 pages in 20ms
Sep 05 10:31:10 DESKTOP-BQ08FA1 kernel: ip_local_port_range: prefer different parity for start/end values.
Sep 05 10:31:10 DESKTOP-BQ08FA1 kernel: FS-Cache: Duplicate cookie detected
Sep 05 10:31:10 DESKTOP-BQ08FA1 kernel: FS-Cache: O-cookie c=00000004 [p=00000002 fl=222 nc=0 na=1]
Sep 05 10:31:10 DESKTOP-BQ08FA1 kernel: FS-Cache: O-cookie d=00000000ee0ceb1a{9P.session} n=000000008b17785d
Sep 05 10:31:10 DESKTOP-BQ08FA1 kernel: FS-Cache: O-key=[10] '34323934393337343434'
Sep 05 10:31:10 DESKTOP-BQ08FA1 kernel: FS-Cache: N-cookie c=00000005 [p=00000002 fl=2 nc=0 na=1]
Sep 05 10:31:10 DESKTOP-BQ08FA1 kernel: FS-Cache: N-cookie d=00000000ee0ceb1a{9P.session} n=000000007cb13f3d
Sep 05 10:31:10 DESKTOP-BQ08FA1 kernel: FS-Cache: N-key=[10] '34323934393337343434'
Sep 05 10:31:10 DESKTOP-BQ08FA1 kernel: FS-Cache: Duplicate cookie detected
Sep 05 10:31:10 DESKTOP-BQ08FA1 kernel: FS-Cache: O-cookie c=00000006 [p=00000002 fl=222 nc=0 na=1]
Sep 05 10:31:10 DESKTOP-BQ08FA1 kernel: FS-Cache: O-cookie d=00000000ee0ceb1a{9P.session} n=00000000c004ad79
Sep 05 10:31:10 DESKTOP-BQ08FA1 kernel: FS-Cache: O-key=[10] '34323934393337343435'
Sep 05 10:31:10 DESKTOP-BQ08FA1 kernel: FS-Cache: N-cookie c=00000007 [p=00000002 fl=2 nc=0 na=1]
Sep 05 10:31:10 DESKTOP-BQ08FA1 kernel: FS-Cache: N-cookie d=00000000ee0ceb1a{9P.session} n=000000002f81b59c
Sep 05 10:31:10 DESKTOP-BQ08FA1 kernel: FS-Cache: N-key=[10] '34323934393337343435'
Sep 05 10:31:10 DESKTOP-BQ08FA1 kernel: scsi 0:0:0:2: Direct-Access     Msft     Virtual Disk     1.0  PQ: 0 ANSI: 5
Sep 05 10:31:10 DESKTOP-BQ08FA1 kernel: sd 0:0:0:2: Attached scsi generic sg2 type 0
Sep 05 10:31:10 DESKTOP-BQ08FA1 kernel: sd 0:0:0:2: [sdc] 2147483648 512-byte logical blocks: (1.10 TB/1.00 TiB)
Sep 05 10:31:10 DESKTOP-BQ08FA1 kernel: sd 0:0:0:2: [sdc] 4096-byte physical blocks
Sep 05 10:31:10 DESKTOP-BQ08FA1 kernel: sd 0:0:0:2: [sdc] Write Protect is off
Sep 05 10:31:10 DESKTOP-BQ08FA1 kernel: sd 0:0:0:2: [sdc] Mode Sense: 0f 00 00 00
Sep 05 10:31:10 DESKTOP-BQ08FA1 kernel: sd 0:0:0:2: [sdc] Write cache: enabled, read cache: enabled, doesn't support DPO or FUA
Sep 05 10:31:10 DESKTOP-BQ08FA1 kernel: sd 0:0:0:2: [sdc] Attached SCSI disk
Sep 05 10:31:10 DESKTOP-BQ08FA1 kernel: IPv6: ADDRCONF(NETDEV_CHANGE): loopback0: link becomes ready
Sep 05 10:31:10 DESKTOP-BQ08FA1 kernel: IPv6: ADDRCONF(NETDEV_CHANGE): eth3: link becomes ready
Sep 05 10:31:10 DESKTOP-BQ08FA1 kernel: EXT4-fs (sdc): recovery complete
Sep 05 10:31:10 DESKTOP-BQ08FA1 kernel: EXT4-fs (sdc): mounted filesystem with ordered data mode. Opts: discard,errors=remount-ro,data=ordered. Quota mode: none.
Sep 05 10:31:10 DESKTOP-BQ08FA1 /sbin/ldconfig: 
Sep 05 10:31:10 DESKTOP-BQ08FA1 unknown: /usr/lib/wsl/lib/libcuda.so.1 is not a symbolic link
Sep 05 10:31:10 DESKTOP-BQ08FA1 unknown: 
Sep 05 10:31:10 DESKTOP-BQ08FA1 /sbin/ldconfig.real: 
Sep 05 10:31:10 DESKTOP-BQ08FA1 unknown: /usr/lib/wsl/lib/libcuda.so.1 is not a symbolic link
Sep 05 10:31:10 DESKTOP-BQ08FA1 unknown: 
Sep 05 10:31:10 DESKTOP-BQ08FA1 kernel: misc dxg: dxgk: dxgkio_is_feature_enabled: Ioctl failed: -22
Sep 05 10:31:10 DESKTOP-BQ08FA1 kernel: misc dxg: dxgk: dxgkio_query_adapter_info: Ioctl failed: -22
Sep 05 10:31:10 DESKTOP-BQ08FA1 kernel: misc dxg: dxgk: dxgkio_query_adapter_info: Ioctl failed: -22
Sep 05 10:31:10 DESKTOP-BQ08FA1 kernel: misc dxg: dxgk: dxgkio_query_adapter_info: Ioctl failed: -22
Sep 05 10:31:10 DESKTOP-BQ08FA1 kernel: misc dxg: dxgk: dxgkio_query_adapter_info: Ioctl failed: -2
Sep 05 10:31:10 DESKTOP-BQ08FA1 systemd-journald[35]: Journal started
Sep 05 10:31:10 DESKTOP-BQ08FA1 systemd-journald[35]: Runtime Journal (/run/log/journal/c22ca4a8bd5a46b18b64cba68ac90c66) is 8.0M, max 795.0M, 787.0M free.
Sep 05 10:31:10 DESKTOP-BQ08FA1 systemd-sysctl[47]: Couldn't write '176' to 'kernel/sysrq', ignoring: No such file or directory
Sep 05 10:31:10 DESKTOP-BQ08FA1 systemd-sysctl[47]: Couldn't write '1' to 'kernel/yama/ptrace_scope', ignoring: No such file or directory
Sep 05 10:31:10 DESKTOP-BQ08FA1 systemd[1]: Starting Flush Journal to Persistent Storage...
Sep 05 10:31:10 DESKTOP-BQ08FA1 systemd[1]: Finished Create System Users.
Sep 05 10:31:10 DESKTOP-BQ08FA1 systemd-journald[35]: Time spent on flushing to /var/log/journal/c22ca4a8bd5a46b18b64cba68ac90c66 is 23.443ms for 448 entries.
Sep 05 10:31:10 DESKTOP-BQ08FA1 systemd-journald[35]: System Journal (/var/log/journal/c22ca4a8bd5a46b18b64cba68ac90c66) is 744.1M, max 4.0G, 3.2G free.
Sep 05 10:31:10 DESKTOP-BQ08FA1 systemd[1]: Finished Set the console keyboard layout.
Sep 05 10:31:10 DESKTOP-BQ08FA1 systemd[1]: modprobe@efi_pstore.service: Deactivated successfully.
Sep 05 10:31:10 DESKTOP-BQ08FA1 systemd[1]: Finished Load Kernel Module efi_pstore.
Sep 05 10:31:10 DESKTOP-BQ08FA1 systemd[1]: modprobe@drm.service: Deactivated successfully.
Sep 05 10:31:10 DESKTOP-BQ08FA1 systemd[1]: Finished Load Kernel Module drm.
Sep 05 10:31:10 DESKTOP-BQ08FA1 systemd[1]: modprobe@configfs.service: Deactivated successfully.
Sep 05 10:31:10 DESKTOP-BQ08FA1 systemd[1]: Finished Load Kernel Module configfs.
Sep 05 10:31:10 DESKTOP-BQ08FA1 systemd[1]: modprobe@fuse.service: Deactivated successfully.
Sep 05 10:31:10 DESKTOP-BQ08FA1 systemd[1]: Finished Load Kernel Module fuse.
Sep 05 10:31:10 DESKTOP-BQ08FA1 systemd[1]: Mounting FUSE Control File System...
Sep 05 10:31:10 DESKTOP-BQ08FA1 systemd[1]: Condition check resulted in Kernel Configuration File System being skipped.
Sep 05 10:31:10 DESKTOP-BQ08FA1 systemd[1]: Condition check resulted in Platform Persistent Storage Archival being skipped.
Sep 05 10:31:10 DESKTOP-BQ08FA1 systemd[1]: Starting Create Static Device Nodes in /dev...
Sep 05 10:31:10 DESKTOP-BQ08FA1 systemd[1]: Mounted FUSE Control File System.
Sep 05 10:31:10 DESKTOP-BQ08FA1 systemd[1]: Finished Create Static Device Nodes in /dev.
Sep 05 10:31:10 DESKTOP-BQ08FA1 systemd[1]: Reached target Preparation for Local File Systems.
Sep 05 10:31:10 DESKTOP-BQ08FA1 systemd[1]: snap.mount: Directory /snap to mount over is not empty, mounting anyway.
Sep 05 10:31:10 DESKTOP-BQ08FA1 systemd[1]: Mounting Ensure that the snap directory shares mount events....
Sep 05 10:31:10 DESKTOP-BQ08FA1 systemd[1]: Starting Rule-based Manager for Device Events and Files...
Sep 05 10:31:10 DESKTOP-BQ08FA1 systemd[1]: Finished Coldplug All udev Devices.
Sep 05 10:31:10 DESKTOP-BQ08FA1 systemd[1]: Mounted Ensure that the snap directory shares mount events..
Sep 05 10:31:10 DESKTOP-BQ08FA1 systemd[1]: Mounting Mount unit for bare, revision 5...
Sep 05 10:31:10 DESKTOP-BQ08FA1 systemd[1]: Mounting Mount unit for core22, revision 1564...
Sep 05 10:31:10 DESKTOP-BQ08FA1 systemd[1]: Mounting Mount unit for core22, revision 1586...
Sep 05 10:31:10 DESKTOP-BQ08FA1 systemd[1]: Mounting Mount unit for gtk-common-themes, revision 1535...
Sep 05 10:31:10 DESKTOP-BQ08FA1 systemd[1]: Mounting Mount unit for snapd, revision 20671...
Sep 05 10:31:10 DESKTOP-BQ08FA1 systemd[1]: Mounting Mount unit for snapd, revision 21759...
Sep 05 10:31:10 DESKTOP-BQ08FA1 systemd[1]: Mounting Mount unit for ubuntu-desktop-installer, revision 1284...
Sep 05 10:31:10 DESKTOP-BQ08FA1 systemd[1]: Mounting Mount unit for ubuntu-desktop-installer, revision 1286...
Sep 05 10:31:10 DESKTOP-BQ08FA1 systemd[1]: Mounted Mount unit for bare, revision 5.
Sep 05 10:31:10 DESKTOP-BQ08FA1 systemd[1]: Mounted Mount unit for core22, revision 1564.
Sep 05 10:31:10 DESKTOP-BQ08FA1 systemd[1]: Mounted Mount unit for core22, revision 1586.
Sep 05 10:31:10 DESKTOP-BQ08FA1 systemd[1]: Mounted Mount unit for gtk-common-themes, revision 1535.
Sep 05 10:31:10 DESKTOP-BQ08FA1 systemd[1]: Mounted Mount unit for snapd, revision 20671.
Sep 05 10:31:10 DESKTOP-BQ08FA1 systemd[1]: Mounted Mount unit for snapd, revision 21759.
Sep 05 10:31:10 DESKTOP-BQ08FA1 systemd[1]: Mounted Mount unit for ubuntu-desktop-installer, revision 1284.
Sep 05 10:31:10 DESKTOP-BQ08FA1 systemd[1]: Mounted Mount unit for ubuntu-desktop-installer, revision 1286.
Sep 05 10:31:10 DESKTOP-BQ08FA1 systemd[1]: Reached target Mounted snaps.
Sep 05 10:31:10 DESKTOP-BQ08FA1 systemd[1]: Reached target Local File Systems.
Sep 05 10:31:10 DESKTOP-BQ08FA1 systemd[1]: Condition check resulted in Load AppArmor profiles being skipped.
Sep 05 10:31:10 DESKTOP-BQ08FA1 systemd[1]: Starting Set console font and keymap...
Sep 05 10:31:10 DESKTOP-BQ08FA1 systemd[1]: Starting Tell Plymouth To Write Out Runtime Data...
Sep 05 10:31:10 DESKTOP-BQ08FA1 systemd[1]: Condition check resulted in Load AppArmor profiles managed internally by snapd being skipped.
Sep 05 10:31:10 DESKTOP-BQ08FA1 systemd[1]: Condition check resulted in Store a System Token in an EFI Variable being skipped.
Sep 05 10:31:10 DESKTOP-BQ08FA1 systemd[1]: Condition check resulted in Commit a transient machine-id on disk being skipped.
Sep 05 10:31:10 DESKTOP-BQ08FA1 systemd[1]: Starting Uncomplicated firewall...
Sep 05 10:31:10 DESKTOP-BQ08FA1 systemd[1]: Finished Uncomplicated firewall.
Sep 05 10:31:10 DESKTOP-BQ08FA1 systemd[1]: Finished Set console font and keymap.
Sep 05 10:31:10 DESKTOP-BQ08FA1 systemd[1]: Reached target Preparation for Network.
Sep 05 10:31:10 DESKTOP-BQ08FA1 systemd[1]: Finished Tell Plymouth To Write Out Runtime Data.
Sep 05 10:31:10 DESKTOP-BQ08FA1 systemd[1]: Started Rule-based Manager for Device Events and Files.
Sep 05 10:31:10 DESKTOP-BQ08FA1 systemd[1]: Condition check resulted in Show Plymouth Boot Screen being skipped.
Sep 05 10:31:10 DESKTOP-BQ08FA1 systemd[1]: Started Dispatch Password Requests to Console Directory Watch.
Sep 05 10:31:10 DESKTOP-BQ08FA1 systemd[1]: Condition check resulted in Forward Password Requests to Plymouth Directory Watch being skipped.
Sep 05 10:31:10 DESKTOP-BQ08FA1 systemd[1]: Reached target Local Encrypted Volumes.
Sep 05 10:31:10 DESKTOP-BQ08FA1 systemd[1]: Finished Flush Journal to Persistent Storage.
Sep 05 10:31:10 DESKTOP-BQ08FA1 systemd[1]: Starting Create Volatile Files and Directories...
Sep 05 10:31:10 DESKTOP-BQ08FA1 systemd-tmpfiles[130]: rm_rf(/tmp/.X11-unix): Read-only file system
Sep 05 10:31:10 DESKTOP-BQ08FA1 systemd-tmpfiles[130]: fchmod() of /tmp/.X11-unix failed: Read-only file system
Sep 05 10:31:10 DESKTOP-BQ08FA1 systemd[1]: Finished Create Volatile Files and Directories.
Sep 05 10:31:10 DESKTOP-BQ08FA1 systemd[1]: Starting Network Name Resolution...
Sep 05 10:31:10 DESKTOP-BQ08FA1 systemd[1]: Condition check resulted in Network Time Synchronization being skipped.
Sep 05 10:31:10 DESKTOP-BQ08FA1 systemd[1]: Reached target System Time Set.
Sep 05 10:31:10 DESKTOP-BQ08FA1 systemd[1]: Starting Record System Boot/Shutdown in UTMP...
Sep 05 10:31:10 DESKTOP-BQ08FA1 systemd[1]: Finished Record System Boot/Shutdown in UTMP.
Sep 05 10:31:10 DESKTOP-BQ08FA1 systemd[1]: Reached target System Initialization.
Sep 05 10:31:10 DESKTOP-BQ08FA1 systemd[1]: Condition check resulted in Process error reports when automatic reporting is enabled (file watch) being skipped.
Sep 05 10:31:10 DESKTOP-BQ08FA1 systemd[1]: Condition check resulted in Process error reports when automatic reporting is enabled (timer based) being skipped.
Sep 05 10:31:10 DESKTOP-BQ08FA1 systemd[1]: Started Daily apt download activities.
Sep 05 10:31:10 DESKTOP-BQ08FA1 systemd[1]: Started Daily apt upgrade and clean activities.
Sep 05 10:31:10 DESKTOP-BQ08FA1 systemd[1]: Started Daily dpkg database backup timer.
Sep 05 10:31:10 DESKTOP-BQ08FA1 systemd[1]: Started Periodic ext4 Online Metadata Check for All Filesystems.
Sep 05 10:31:10 DESKTOP-BQ08FA1 systemd[1]: Condition check resulted in Discard unused blocks once a week being skipped.
Sep 05 10:31:10 DESKTOP-BQ08FA1 systemd[1]: Started Daily rotation of log files.
Sep 05 10:31:10 DESKTOP-BQ08FA1 systemd[1]: Started Daily man-db regeneration.
Sep 05 10:31:10 DESKTOP-BQ08FA1 systemd[1]: Started Message of the Day.
Sep 05 10:31:10 DESKTOP-BQ08FA1 systemd[1]: Condition check resulted in Timer to automatically fetch and run repair assertions being skipped.
Sep 05 10:31:10 DESKTOP-BQ08FA1 systemd[1]: Started Daily Cleanup of Temporary Directories.
Sep 05 10:31:10 DESKTOP-BQ08FA1 systemd-udevd[136]: Using default interface naming scheme 'v249'.
Sep 05 10:31:10 DESKTOP-BQ08FA1 systemd-udevd[151]: Using default interface naming scheme 'v249'.
Sep 05 10:31:10 DESKTOP-BQ08FA1 systemd-udevd[114]: Using default interface naming scheme 'v249'.
Sep 05 10:31:10 DESKTOP-BQ08FA1 systemd-udevd[138]: Using default interface naming scheme 'v249'.
Sep 05 10:31:10 DESKTOP-BQ08FA1 systemd-udevd[124]: Using default interface naming scheme 'v249'.
Sep 05 10:31:10 DESKTOP-BQ08FA1 systemd[1]: Condition check resulted in Ubuntu Pro Timer for running repeated jobs being skipped.
Sep 05 10:31:10 DESKTOP-BQ08FA1 systemd[1]: Reached target Path Units.
Sep 05 10:31:10 DESKTOP-BQ08FA1 systemd[1]: Reached target Timer Units.
Sep 05 10:31:10 DESKTOP-BQ08FA1 systemd[1]: Listening on Unix socket for apport crash forwarding.
Sep 05 10:31:10 DESKTOP-BQ08FA1 systemd[1]: Listening on D-Bus System Message Bus Socket.
Sep 05 10:31:10 DESKTOP-BQ08FA1 systemd[1]: Starting Socket activation for snappy daemon...
Sep 05 10:31:10 DESKTOP-BQ08FA1 systemd[1]: Listening on UUID daemon activation socket.
Sep 05 10:31:10 DESKTOP-BQ08FA1 systemd[1]: Listening on Socket activation for snappy daemon.
Sep 05 10:31:10 DESKTOP-BQ08FA1 systemd[1]: Reached target Socket Units.
Sep 05 10:31:10 DESKTOP-BQ08FA1 systemd[1]: Reached target Basic System.
Sep 05 10:31:10 DESKTOP-BQ08FA1 systemd[1]: Starting LSB: automatic crash report generation...
Sep 05 10:31:10 DESKTOP-BQ08FA1 systemd[1]: Started Regular background program processing daemon.
Sep 05 10:31:10 DESKTOP-BQ08FA1 systemd[1]: Started D-Bus System Message Bus.
Sep 05 10:31:10 DESKTOP-BQ08FA1 cron[170]: (CRON) INFO (pidfile fd = 3)
Sep 05 10:31:10 DESKTOP-BQ08FA1 cron[170]: (CRON) INFO (Running @reboot jobs)
Sep 05 10:31:10 DESKTOP-BQ08FA1 systemd[1]: Started Save initial kernel messages after boot.
Sep 05 10:31:10 DESKTOP-BQ08FA1 systemd[1]: Starting Remove Stale Online ext4 Metadata Check Snapshots...
Sep 05 10:31:10 DESKTOP-BQ08FA1 systemd[1]: Condition check resulted in getty on tty2-tty6 if dbus and logind are not available being skipped.
Sep 05 10:31:10 DESKTOP-BQ08FA1 systemd[1]: Condition check resulted in irqbalance daemon being skipped.
Sep 05 10:31:10 DESKTOP-BQ08FA1 systemd[1]: Starting Dispatcher daemon for systemd-networkd...
Sep 05 10:31:10 DESKTOP-BQ08FA1 systemd[1]: Starting System Logging Service...
Sep 05 10:31:10 DESKTOP-BQ08FA1 systemd[1]: Condition check resulted in Automatically repair incorrect owner/permissions on core devices being skipped.
Sep 05 10:31:10 DESKTOP-BQ08FA1 systemd[1]: Condition check resulted in Wait for the Ubuntu Core chooser trigger being skipped.
Sep 05 10:31:10 DESKTOP-BQ08FA1 systemd[1]: Reached target Preparation for Logins.
Sep 05 10:31:10 DESKTOP-BQ08FA1 systemd[1]: Starting Wait until snapd is fully seeded...
Sep 05 10:31:10 DESKTOP-BQ08FA1 systemd[1]: Starting Snap Daemon...
Sep 05 10:31:10 DESKTOP-BQ08FA1 systemd[1]: Starting User Login Management...
Sep 05 10:31:10 DESKTOP-BQ08FA1 systemd[1]: Condition check resulted in Ubuntu Pro reboot cmds being skipped.
Sep 05 10:31:10 DESKTOP-BQ08FA1 systemd[1]: Starting WSL binfmt restore...
Sep 05 10:31:10 DESKTOP-BQ08FA1 sh[182]: /bin/sh: 1: cannot create /proc/sys/fs/binfmt_misc/WSLInterop-late: Permission denied
Sep 05 10:31:10 DESKTOP-BQ08FA1 systemd[1]: Starting Rotate log files...
Sep 05 10:31:10 DESKTOP-BQ08FA1 systemd[1]: wsl-binfmt.service: Deactivated successfully.
Sep 05 10:31:10 DESKTOP-BQ08FA1 systemd[1]: Finished WSL binfmt restore.
Sep 05 10:31:10 DESKTOP-BQ08FA1 rsyslogd[177]: imuxsock: Acquired UNIX socket '/run/systemd/journal/syslog' (fd 3) from systemd.  [v8.2112.0]
Sep 05 10:31:10 DESKTOP-BQ08FA1 rsyslogd[177]: rsyslogd's groupid changed to 111
Sep 05 10:31:10 DESKTOP-BQ08FA1 systemd[1]: Started System Logging Service.
Sep 05 10:31:10 DESKTOP-BQ08FA1 rsyslogd[177]: rsyslogd's userid changed to 104
Sep 05 10:31:10 DESKTOP-BQ08FA1 rsyslogd[177]: [origin software="rsyslogd" swVersion="8.2112.0" x-pid="177" x-info="https://www.rsyslog.com"] start
Sep 05 10:31:10 DESKTOP-BQ08FA1 systemd[1]: Started LSB: automatic crash report generation.
Sep 05 10:31:10 DESKTOP-BQ08FA1 systemd-udevd[152]: sda: Process '/usr/bin/unshare -m /usr/bin/snap auto-import --mount=/dev/sda' failed with exit code 1.
Sep 05 10:31:10 DESKTOP-BQ08FA1 systemd[1]: e2scrub_reap.service: Deactivated successfully.
Sep 05 10:31:10 DESKTOP-BQ08FA1 systemd[1]: Finished Remove Stale Online ext4 Metadata Check Snapshots.
Sep 05 10:31:10 DESKTOP-BQ08FA1 systemd-resolved[140]: Positive Trust Anchors:
Sep 05 10:31:10 DESKTOP-BQ08FA1 systemd-resolved[140]: . IN DS 20326 8 2 e06d44b80b8f1d39a95c0b0d7c65d08458e880409bbc683457104237c7f8ec8d
Sep 05 10:31:10 DESKTOP-BQ08FA1 systemd-resolved[140]: Negative trust anchors: home.arpa 10.in-addr.arpa 16.172.in-addr.arpa 17.172.in-addr.arpa 18.172.in-addr.arpa 19.172.in-addr.arpa 20.172.in-addr.arpa 21.172.in-addr.arpa 22.172.in-addr.arpa 23.172.in-addr.arpa 24.172.in-addr.arpa 25.172.in-addr.arpa 26.172.in-addr.arpa 27.172.in-addr.arpa 28.172.in-addr.arpa 29.172.in-addr.arpa 30.172.in-addr.arpa 31.172.in-addr.arpa 168.192.in-addr.arpa d.f.ip6.arpa corp home internal intranet lan local private test
Sep 05 10:31:10 DESKTOP-BQ08FA1 systemd-udevd[123]: sdb: Process '/usr/bin/unshare -m /usr/bin/snap auto-import --mount=/dev/sdb' failed with exit code 1.
Sep 05 10:31:10 DESKTOP-BQ08FA1 systemd-udevd[133]: sdc: Process '/usr/bin/unshare -m /usr/bin/snap auto-import --mount=/dev/sdc' failed with exit code 1.
Sep 05 10:31:10 DESKTOP-BQ08FA1 systemd-resolved[140]: Using system hostname 'DESKTOP-BQ08FA1'.
Sep 05 10:31:10 DESKTOP-BQ08FA1 systemd[1]: logrotate.service: Deactivated successfully.
Sep 05 10:31:10 DESKTOP-BQ08FA1 systemd[1]: Finished Rotate log files.
Sep 05 10:31:10 DESKTOP-BQ08FA1 systemd[1]: Started Network Name Resolution.
Sep 05 10:31:10 DESKTOP-BQ08FA1 systemd[1]: Reached target Network.
Sep 05 10:31:10 DESKTOP-BQ08FA1 systemd[1]: Reached target Host and Network Name Lookups.
Sep 05 10:31:10 DESKTOP-BQ08FA1 systemd[1]: Started Service for snap application ubuntu-desktop-installer.subiquity-server.
Sep 05 10:31:10 DESKTOP-BQ08FA1 systemd[1]: Starting Permit User Sessions...
Sep 05 10:31:10 DESKTOP-BQ08FA1 systemd[1]: Condition check resulted in Ubuntu Pro Background Auto Attach being skipped.
Sep 05 10:31:10 DESKTOP-BQ08FA1 systemd[1]: Finished Permit User Sessions.
Sep 05 10:31:10 DESKTOP-BQ08FA1 systemd[1]: Starting Hold until boot process finishes up...
Sep 05 10:31:10 DESKTOP-BQ08FA1 systemd[1]: Starting Terminate Plymouth Boot Screen...
Sep 05 10:31:10 DESKTOP-BQ08FA1 systemd[1]: Finished Hold until boot process finishes up.
Sep 05 10:31:10 DESKTOP-BQ08FA1 systemd[1]: Started Console Getty.
Sep 05 10:31:10 DESKTOP-BQ08FA1 systemd[1]: Starting Set console scheme...
Sep 05 10:31:10 DESKTOP-BQ08FA1 systemd[1]: Finished Set console scheme.
Sep 05 10:31:10 DESKTOP-BQ08FA1 systemd[1]: Created slice Slice /system/getty.
Sep 05 10:31:10 DESKTOP-BQ08FA1 systemd[1]: Started Getty on tty1.
Sep 05 10:31:10 DESKTOP-BQ08FA1 systemd[1]: Reached target Login Prompts.
Sep 05 10:31:10 DESKTOP-BQ08FA1 systemd[1]: Finished Terminate Plymouth Boot Screen.
Sep 05 10:31:10 DESKTOP-BQ08FA1 snapd[179]: overlord.go:271: Acquiring state lock file
Sep 05 10:31:10 DESKTOP-BQ08FA1 snapd[179]: overlord.go:276: Acquired state lock file
Sep 05 10:31:10 DESKTOP-BQ08FA1 snapd[179]: daemon.go:247: started snapd/2.63+22.04ubuntu0.1 (series 16; classic; devmode; wsl) ubuntu/22.04 (amd64) linux/5.15.153.1-microsoft-stan.
Sep 05 10:31:10 DESKTOP-BQ08FA1 networkd-dispatcher[176]: No valid path found for iwconfig
Sep 05 10:31:10 DESKTOP-BQ08FA1 networkd-dispatcher[176]: No valid path found for iw
Sep 05 10:31:10 DESKTOP-BQ08FA1 snapd[179]: daemon.go:340: adjusting startup timeout by 55s (pessimistic estimate of 30s plus 5s per snap)
Sep 05 10:31:10 DESKTOP-BQ08FA1 dbus-daemon[172]: [system] Activating via systemd: service name='org.freedesktop.network1' unit='dbus-org.freedesktop.network1.service' requested by ':1.2' (uid=0 pid=283 comm="/usr/bin/networkctl list --no-pager --no-legend ")
Sep 05 10:31:10 DESKTOP-BQ08FA1 dbus-daemon[172]: [system] Activation via systemd failed for unit 'dbus-org.freedesktop.network1.service': Unit dbus-org.freedesktop.network1.service not found.
Sep 05 10:31:10 DESKTOP-BQ08FA1 networkd-dispatcher[283]: WARNING: systemd-networkd is not running, output will be incomplete.
Sep 05 10:31:10 DESKTOP-BQ08FA1 snapd[179]: backends.go:58: AppArmor status: apparmor not enabled
Sep 05 10:31:10 DESKTOP-BQ08FA1 systemd-logind[180]: New seat seat0.
Sep 05 10:31:10 DESKTOP-BQ08FA1 systemd[1]: Started User Login Management.
Sep 05 10:31:10 DESKTOP-BQ08FA1 systemd[1]: Started Unattended Upgrades Shutdown.
Sep 05 10:31:10 DESKTOP-BQ08FA1 systemd[1]: Started Snap Daemon.
Sep 05 10:31:10 DESKTOP-BQ08FA1 dbus-daemon[172]: [system] Activating via systemd: service name='org.freedesktop.timedate1' unit='dbus-org.freedesktop.timedate1.service' requested by ':1.4' (uid=0 pid=179 comm="/usr/lib/snapd/snapd ")
Sep 05 10:31:10 DESKTOP-BQ08FA1 networkd-dispatcher[176]: ERROR:Unknown state for interface NetworkctlListState(idx=1, name='lo', type='loopback', operational='n/a', administrative='unmanaged'): n/a
Sep 05 10:31:10 DESKTOP-BQ08FA1 networkd-dispatcher[176]: Traceback (most recent call last):
Sep 05 10:31:10 DESKTOP-BQ08FA1 networkd-dispatcher[176]:   File "/usr/bin/networkd-dispatcher", line 298, in trigger_all
Sep 05 10:31:10 DESKTOP-BQ08FA1 networkd-dispatcher[176]:     self.handle_state(iface_name,
Sep 05 10:31:10 DESKTOP-BQ08FA1 networkd-dispatcher[176]:   File "/usr/bin/networkd-dispatcher", line 348, in handle_state
Sep 05 10:31:10 DESKTOP-BQ08FA1 networkd-dispatcher[176]:     raise UnknownState(operational_state)
Sep 05 10:31:10 DESKTOP-BQ08FA1 networkd-dispatcher[176]: UnknownState: n/a
Sep 05 10:31:10 DESKTOP-BQ08FA1 networkd-dispatcher[176]: ERROR:Unknown state for interface NetworkctlListState(idx=2, name='eth0', type='ether', operational='n/a', administrative='unmanaged'): n/a
Sep 05 10:31:10 DESKTOP-BQ08FA1 networkd-dispatcher[176]: Traceback (most recent call last):
Sep 05 10:31:10 DESKTOP-BQ08FA1 networkd-dispatcher[176]:   File "/usr/bin/networkd-dispatcher", line 298, in trigger_all
Sep 05 10:31:10 DESKTOP-BQ08FA1 networkd-dispatcher[176]:     self.handle_state(iface_name,
Sep 05 10:31:10 DESKTOP-BQ08FA1 networkd-dispatcher[176]:   File "/usr/bin/networkd-dispatcher", line 348, in handle_state
Sep 05 10:31:10 DESKTOP-BQ08FA1 networkd-dispatcher[176]:     raise UnknownState(operational_state)
Sep 05 10:31:10 DESKTOP-BQ08FA1 networkd-dispatcher[176]: UnknownState: n/a
Sep 05 10:31:10 DESKTOP-BQ08FA1 networkd-dispatcher[176]: ERROR:Unknown state for interface NetworkctlListState(idx=3, name='eth1', type='ether', operational='n/a', administrative='unmanaged'): n/a
Sep 05 10:31:10 DESKTOP-BQ08FA1 networkd-dispatcher[176]: Traceback (most recent call last):
Sep 05 10:31:10 DESKTOP-BQ08FA1 networkd-dispatcher[176]:   File "/usr/bin/networkd-dispatcher", line 298, in trigger_all
Sep 05 10:31:10 DESKTOP-BQ08FA1 networkd-dispatcher[176]:     self.handle_state(iface_name,
Sep 05 10:31:10 DESKTOP-BQ08FA1 networkd-dispatcher[176]:   File "/usr/bin/networkd-dispatcher", line 348, in handle_state
Sep 05 10:31:10 DESKTOP-BQ08FA1 networkd-dispatcher[176]:     raise UnknownState(operational_state)
Sep 05 10:31:10 DESKTOP-BQ08FA1 networkd-dispatcher[176]: UnknownState: n/a
Sep 05 10:31:10 DESKTOP-BQ08FA1 networkd-dispatcher[176]: ERROR:Unknown state for interface NetworkctlListState(idx=4, name='eth2', type='ether', operational='n/a', administrative='unmanaged'): n/a
Sep 05 10:31:10 DESKTOP-BQ08FA1 networkd-dispatcher[176]: Traceback (most recent call last):
Sep 05 10:31:10 DESKTOP-BQ08FA1 networkd-dispatcher[176]:   File "/usr/bin/networkd-dispatcher", line 298, in trigger_all
Sep 05 10:31:10 DESKTOP-BQ08FA1 networkd-dispatcher[176]:     self.handle_state(iface_name,
Sep 05 10:31:10 DESKTOP-BQ08FA1 networkd-dispatcher[176]:   File "/usr/bin/networkd-dispatcher", line 348, in handle_state
Sep 05 10:31:10 DESKTOP-BQ08FA1 networkd-dispatcher[176]:     raise UnknownState(operational_state)
Sep 05 10:31:10 DESKTOP-BQ08FA1 networkd-dispatcher[176]: UnknownState: n/a
Sep 05 10:31:10 DESKTOP-BQ08FA1 networkd-dispatcher[176]: ERROR:Unknown state for interface NetworkctlListState(idx=5, name='loopback0', type='ether', operational='n/a', administrative='unmanaged'): n/a
Sep 05 10:31:10 DESKTOP-BQ08FA1 networkd-dispatcher[176]: Traceback (most recent call last):
Sep 05 10:31:10 DESKTOP-BQ08FA1 networkd-dispatcher[176]:   File "/usr/bin/networkd-dispatcher", line 298, in trigger_all
Sep 05 10:31:10 DESKTOP-BQ08FA1 networkd-dispatcher[176]:     self.handle_state(iface_name,
Sep 05 10:31:10 DESKTOP-BQ08FA1 networkd-dispatcher[176]:   File "/usr/bin/networkd-dispatcher", line 348, in handle_state
Sep 05 10:31:10 DESKTOP-BQ08FA1 networkd-dispatcher[176]:     raise UnknownState(operational_state)
Sep 05 10:31:10 DESKTOP-BQ08FA1 networkd-dispatcher[176]: UnknownState: n/a
Sep 05 10:31:10 DESKTOP-BQ08FA1 networkd-dispatcher[176]: ERROR:Unknown state for interface NetworkctlListState(idx=6, name='eth3', type='ether', operational='n/a', administrative='unmanaged'): n/a
Sep 05 10:31:10 DESKTOP-BQ08FA1 networkd-dispatcher[176]: Traceback (most recent call last):
Sep 05 10:31:10 DESKTOP-BQ08FA1 networkd-dispatcher[176]:   File "/usr/bin/networkd-dispatcher", line 298, in trigger_all
Sep 05 10:31:10 DESKTOP-BQ08FA1 networkd-dispatcher[176]:     self.handle_state(iface_name,
Sep 05 10:31:10 DESKTOP-BQ08FA1 networkd-dispatcher[176]:   File "/usr/bin/networkd-dispatcher", line 348, in handle_state
Sep 05 10:31:10 DESKTOP-BQ08FA1 networkd-dispatcher[176]:     raise UnknownState(operational_state)
Sep 05 10:31:10 DESKTOP-BQ08FA1 networkd-dispatcher[176]: UnknownState: n/a
Sep 05 10:31:10 DESKTOP-BQ08FA1 systemd[1]: Starting Time & Date Service...
Sep 05 10:31:10 DESKTOP-BQ08FA1 systemd[1]: Started Dispatcher daemon for systemd-networkd.
Sep 05 10:31:10 DESKTOP-BQ08FA1 dbus-daemon[172]: [system] Successfully activated service 'org.freedesktop.timedate1'
Sep 05 10:31:10 DESKTOP-BQ08FA1 systemd[1]: Started Time & Date Service.
Sep 05 10:31:10 DESKTOP-BQ08FA1 systemd[1]: Finished Wait until snapd is fully seeded.
Sep 05 10:31:10 DESKTOP-BQ08FA1 systemd[1]: Condition check resulted in Auto import assertions from block devices being skipped.
Sep 05 10:31:10 DESKTOP-BQ08FA1 systemd[1]: Reached target Multi-User System.
Sep 05 10:31:10 DESKTOP-BQ08FA1 systemd[1]: Reached target Graphical Interface.
Sep 05 10:31:10 DESKTOP-BQ08FA1 systemd[1]: Starting Record Runlevel Change in UTMP...
Sep 05 10:31:10 DESKTOP-BQ08FA1 systemd[1]: systemd-update-utmp-runlevel.service: Deactivated successfully.
Sep 05 10:31:10 DESKTOP-BQ08FA1 systemd[1]: Finished Record Runlevel Change in UTMP.
Sep 05 10:31:10 DESKTOP-BQ08FA1 systemd[1]: Startup finished in 372ms.
Sep 05 10:31:10 DESKTOP-BQ08FA1 systemd[1]: dmesg.service: Deactivated successfully.
Sep 05 10:31:10 DESKTOP-BQ08FA1 unknown: WSL (2): Creating login session for ichizu
Sep 05 10:31:10 DESKTOP-BQ08FA1 -m[284]: i18n file is /snap/ubuntu-desktop-installer/1286/bin/subiquity/subiquitycore/i18n.py
Sep 05 10:31:10 DESKTOP-BQ08FA1 -m[284]: Final localedir is /snap/ubuntu-desktop-installer/share/locale
Sep 05 10:31:10 DESKTOP-BQ08FA1 -m[284]: switch_language en_US
Sep 05 10:31:10 DESKTOP-BQ08FA1 login[339]: pam_unix(login:session): session opened for user ichizu(uid=1000) by (uid=0)
Sep 05 10:31:10 DESKTOP-BQ08FA1 systemd[1]: Created slice User Slice of UID 1000.
Sep 05 10:31:10 DESKTOP-BQ08FA1 systemd[1]: Starting User Runtime Directory /run/user/1000...
Sep 05 10:31:10 DESKTOP-BQ08FA1 systemd-logind[180]: New session 1 of user ichizu.
Sep 05 10:31:10 DESKTOP-BQ08FA1 systemd[1]: Finished User Runtime Directory /run/user/1000.
Sep 05 10:31:10 DESKTOP-BQ08FA1 systemd[1]: Starting User Manager for UID 1000...
Sep 05 10:31:10 DESKTOP-BQ08FA1 systemd[364]: pam_unix(systemd-user:session): session opened for user ichizu(uid=1000) by (uid=0)
Sep 05 10:31:10 DESKTOP-BQ08FA1 systemd[364]: Queued start job for default target Main User Target.
Sep 05 10:31:10 DESKTOP-BQ08FA1 systemd[364]: Created slice User Application Slice.
Sep 05 10:31:10 DESKTOP-BQ08FA1 systemd[364]: Reached target Paths.
Sep 05 10:31:10 DESKTOP-BQ08FA1 systemd[364]: Reached target Timers.
Sep 05 10:31:10 DESKTOP-BQ08FA1 systemd[364]: Listening on GnuPG network certificate management daemon.
Sep 05 10:31:10 DESKTOP-BQ08FA1 systemd[364]: Listening on GnuPG cryptographic agent and passphrase cache (access for web browsers).
Sep 05 10:31:11 DESKTOP-BQ08FA1 systemd[364]: Listening on GnuPG cryptographic agent and passphrase cache (restricted).
Sep 05 10:31:11 DESKTOP-BQ08FA1 systemd[364]: Listening on GnuPG cryptographic agent (ssh-agent emulation).
Sep 05 10:31:11 DESKTOP-BQ08FA1 systemd[364]: Listening on GnuPG cryptographic agent and passphrase cache.
Sep 05 10:31:11 DESKTOP-BQ08FA1 systemd[364]: Listening on debconf communication socket.
Sep 05 10:31:11 DESKTOP-BQ08FA1 systemd[364]: Listening on REST API socket for snapd user session agent.
Sep 05 10:31:11 DESKTOP-BQ08FA1 systemd[364]: Reached target Sockets.
Sep 05 10:31:11 DESKTOP-BQ08FA1 systemd[364]: Reached target Basic System.
Sep 05 10:31:11 DESKTOP-BQ08FA1 systemd[364]: Reached target Main User Target.
Sep 05 10:31:11 DESKTOP-BQ08FA1 systemd[364]: Startup finished in 128ms.
Sep 05 10:31:11 DESKTOP-BQ08FA1 systemd[1]: Started User Manager for UID 1000.
Sep 05 10:31:11 DESKTOP-BQ08FA1 systemd[1]: Started Session 1 of User ichizu.
Sep 05 10:31:11 DESKTOP-BQ08FA1 kernel: misc dxg: dxgk: dxgkio_query_adapter_info: Ioctl failed: -2
Sep 05 10:31:12 DESKTOP-BQ08FA1 kernel: misc dxg: dxgk: dxgkio_query_adapter_info: Ioctl failed: -2
Sep 05 10:31:12 DESKTOP-BQ08FA1 kernel: misc dxg: dxgk: dxgkio_query_adapter_info: Ioctl failed: -2
Sep 05 10:31:12 DESKTOP-BQ08FA1 kernel: misc dxg: dxgk: dxgkio_query_adapter_info: Ioctl failed: -2
Sep 05 10:31:12 DESKTOP-BQ08FA1 kernel: misc dxg: dxgk: dxgkio_query_adapter_info: Ioctl failed: -2
Sep 05 10:31:12 DESKTOP-BQ08FA1 kernel: misc dxg: dxgk: dxgkio_query_adapter_info: Ioctl failed: -2
Sep 05 10:31:12 DESKTOP-BQ08FA1 kernel: misc dxg: dxgk: dxgkio_query_adapter_info: Ioctl failed: -2
Sep 05 10:31:12 DESKTOP-BQ08FA1 kernel: misc dxg: dxgk: dxgkio_query_adapter_info: Ioctl failed: -2
Sep 05 10:31:12 DESKTOP-BQ08FA1 kernel: misc dxg: dxgk: dxgkio_query_adapter_info: Ioctl failed: -2
Sep 05 10:31:12 DESKTOP-BQ08FA1 kernel: misc dxg: dxgk: dxgkio_query_adapter_info: Ioctl failed: -2
Sep 05 10:31:12 DESKTOP-BQ08FA1 kernel: misc dxg: dxgk: dxgkio_query_adapter_info: Ioctl failed: -2
Sep 05 10:31:12 DESKTOP-BQ08FA1 kernel: misc dxg: dxgk: dxgkio_query_adapter_info: Ioctl failed: -2
Sep 05 10:31:12 DESKTOP-BQ08FA1 kernel: misc dxg: dxgk: dxgkio_query_adapter_info: Ioctl failed: -2
Sep 05 10:31:12 DESKTOP-BQ08FA1 kernel: misc dxg: dxgk: dxgkio_query_adapter_info: Ioctl failed: -2
Sep 05 10:31:12 DESKTOP-BQ08FA1 kernel: misc dxg: dxgk: dxgkio_query_adapter_info: Ioctl failed: -2
Sep 05 10:31:12 DESKTOP-BQ08FA1 kernel: misc dxg: dxgk: dxgkio_query_adapter_info: Ioctl failed: -2
Sep 05 10:31:20 DESKTOP-BQ08FA1 kernel: TCP: eth3: Driver has suspect GRO implementation, TCP performance may be compromised.
Sep 05 10:31:28 DESKTOP-BQ08FA1 snapd[179]: stateengine.go:149: state ensure error: decode new commands catalog: net/http: request canceled (Client.Timeout or context cancellation while reading body)
Sep 05 10:31:56 DESKTOP-BQ08FA1 kernel: hv_balloon: Max. dynamic memory size: 16290 MB
Sep 05 10:31:58 DESKTOP-BQ08FA1 systemd[1]: systemd-timedated.service: Deactivated successfully.
Sep 05 10:36:28 DESKTOP-BQ08FA1 dbus-daemon[172]: [system] Activating via systemd: service name='org.freedesktop.timedate1' unit='dbus-org.freedesktop.timedate1.service' requested by ':1.4' (uid=0 pid=179 comm="/usr/lib/snapd/snapd ")
Sep 05 10:36:28 DESKTOP-BQ08FA1 systemd[1]: Starting Time & Date Service...
Sep 05 10:36:28 DESKTOP-BQ08FA1 dbus-daemon[172]: [system] Successfully activated service 'org.freedesktop.timedate1'
Sep 05 10:36:28 DESKTOP-BQ08FA1 systemd[1]: Started Time & Date Service.
Sep 05 10:36:31 DESKTOP-BQ08FA1 snapd[179]: storehelpers.go:923: cannot refresh: snap has no updates available: "bare", "core22", "gtk-common-themes", "snapd", "ubuntu-desktop-installer"
Sep 05 10:36:59 DESKTOP-BQ08FA1 systemd[1]: systemd-timedated.service: Deactivated successfully.
Sep 05 10:41:13 DESKTOP-BQ08FA1 subiquity_event.284[284]: subiquity/Early/apply_autoinstall_config
Sep 05 10:41:13 DESKTOP-BQ08FA1 subiquity_event.284[284]: subiquity/Early/apply_autoinstall_config
Sep 05 10:41:13 DESKTOP-BQ08FA1 subiquity_event.284[284]: subiquity/Reporting/apply_autoinstall_config
Sep 05 10:41:13 DESKTOP-BQ08FA1 subiquity_event.284[284]: subiquity/Reporting/apply_autoinstall_config
Sep 05 10:41:13 DESKTOP-BQ08FA1 subiquity_event.284[284]: subiquity/Error/apply_autoinstall_config
Sep 05 10:41:13 DESKTOP-BQ08FA1 subiquity_event.284[284]: subiquity/Error/apply_autoinstall_config
Sep 05 10:41:13 DESKTOP-BQ08FA1 subiquity_event.284[284]: subiquity/Userdata/apply_autoinstall_config
Sep 05 10:41:13 DESKTOP-BQ08FA1 subiquity_event.284[284]: subiquity/Userdata/apply_autoinstall_config
Sep 05 10:41:13 DESKTOP-BQ08FA1 subiquity_event.284[284]: subiquity/Package/apply_autoinstall_config
Sep 05 10:41:13 DESKTOP-BQ08FA1 subiquity_event.284[284]: subiquity/Package/apply_autoinstall_config
Sep 05 10:41:13 DESKTOP-BQ08FA1 subiquity_event.284[284]: subiquity/Debconf/apply_autoinstall_config
Sep 05 10:41:13 DESKTOP-BQ08FA1 subiquity_event.284[284]: subiquity/Debconf/apply_autoinstall_config
Sep 05 10:41:13 DESKTOP-BQ08FA1 subiquity_event.284[284]: subiquity/Kernel/apply_autoinstall_config
Sep 05 10:41:13 DESKTOP-BQ08FA1 subiquity_event.284[284]: subiquity/Kernel/apply_autoinstall_config
Sep 05 10:41:13 DESKTOP-BQ08FA1 subiquity_event.284[284]: subiquity/Zdev/apply_autoinstall_config
Sep 05 10:41:13 DESKTOP-BQ08FA1 subiquity_event.284[284]: subiquity/Zdev/apply_autoinstall_config
Sep 05 10:41:13 DESKTOP-BQ08FA1 subiquity_event.284[284]: subiquity/Ad/apply_autoinstall_config
Sep 05 10:41:13 DESKTOP-BQ08FA1 subiquity_event.284[284]: subiquity/Ad/apply_autoinstall_config
Sep 05 10:41:13 DESKTOP-BQ08FA1 subiquity_event.284[284]: subiquity/Late/apply_autoinstall_config
Sep 05 10:41:13 DESKTOP-BQ08FA1 subiquity_event.284[284]: subiquity/Late/apply_autoinstall_config
Sep 05 10:41:15 DESKTOP-BQ08FA1 snapd[179]: storehelpers.go:923: cannot refresh: snap has no updates available: "bare", "core22", "gtk-common-themes", "snapd", "ubuntu-desktop-installer"
Sep 05 10:46:10 DESKTOP-BQ08FA1 systemd[1]: Starting Cleanup of Temporary Directories...
Sep 05 10:46:10 DESKTOP-BQ08FA1 systemd[1]: systemd-tmpfiles-clean.service: Deactivated successfully.
Sep 05 10:46:10 DESKTOP-BQ08FA1 systemd[1]: Finished Cleanup of Temporary Directories.
Sep 05 11:00:36 DESKTOP-BQ08FA1 systemd[1]: Starting Daily apt download activities...
Sep 05 11:00:36 DESKTOP-BQ08FA1 systemd[1]: Starting Update APT News...
Sep 05 11:00:36 DESKTOP-BQ08FA1 systemd[1]: Starting Update the local ESM caches...
Sep 05 11:00:37 DESKTOP-BQ08FA1 systemd[1]: apt-news.service: Deactivated successfully.
Sep 05 11:00:37 DESKTOP-BQ08FA1 systemd[1]: Finished Update APT News.
Sep 05 11:00:38 DESKTOP-BQ08FA1 systemd[1]: esm-cache.service: Deactivated successfully.
Sep 05 11:00:38 DESKTOP-BQ08FA1 systemd[1]: Finished Update the local ESM caches.
Sep 05 11:00:41 DESKTOP-BQ08FA1 dbus-daemon[172]: [system] Activating via systemd: service name='org.freedesktop.PackageKit' unit='packagekit.service' requested by ':1.12' (uid=0 pid=11524 comm="/usr/bin/gdbus call --system --dest org.freedeskto")
Sep 05 11:00:41 DESKTOP-BQ08FA1 systemd[1]: Reached target Network is Online.
Sep 05 11:00:41 DESKTOP-BQ08FA1 systemd[1]: Starting PackageKit Daemon...
Sep 05 11:00:41 DESKTOP-BQ08FA1 PackageKit[11527]: daemon start
Sep 05 11:00:41 DESKTOP-BQ08FA1 dbus-daemon[172]: [system] Activating via systemd: service name='org.freedesktop.PolicyKit1' unit='polkit.service' requested by ':1.14' (uid=0 pid=11527 comm="/usr/libexec/packagekitd ")
Sep 05 11:00:41 DESKTOP-BQ08FA1 systemd[1]: Starting Authorization Manager...
Sep 05 11:00:41 DESKTOP-BQ08FA1 polkitd[11532]: started daemon version 0.105 using authority implementation `local' version `0.105'
Sep 05 11:00:41 DESKTOP-BQ08FA1 dbus-daemon[172]: [system] Successfully activated service 'org.freedesktop.PolicyKit1'
Sep 05 11:00:41 DESKTOP-BQ08FA1 systemd[1]: Started Authorization Manager.
Sep 05 11:00:41 DESKTOP-BQ08FA1 dbus-daemon[172]: [system] Successfully activated service 'org.freedesktop.PackageKit'
Sep 05 11:00:41 DESKTOP-BQ08FA1 systemd[1]: Started PackageKit Daemon.
Sep 05 11:00:44 DESKTOP-BQ08FA1 systemd[1]: apt-daily.service: Deactivated successfully.
Sep 05 11:00:44 DESKTOP-BQ08FA1 systemd[1]: Finished Daily apt download activities.
Sep 05 11:00:44 DESKTOP-BQ08FA1 systemd[1]: apt-daily.service: Consumed 4.797s CPU time.
Sep 05 11:06:30 DESKTOP-BQ08FA1 systemd[1]: Starting Daily apt upgrade and clean activities...
Sep 05 11:06:36 DESKTOP-BQ08FA1 systemd[1]: Reloading.
Sep 05 11:06:36 DESKTOP-BQ08FA1 systemd[1]: Configuration file /run/systemd/system/netplan-ovs-cleanup.service is marked world-inaccessible. This has no effect as configuration data is accessible via APIs without restrictions. Proceeding anyway.
Sep 05 11:06:39 DESKTOP-BQ08FA1 systemd[1]: apt-daily-upgrade.service: Deactivated successfully.
Sep 05 11:06:39 DESKTOP-BQ08FA1 systemd[1]: Finished Daily apt upgrade and clean activities.
Sep 05 11:06:39 DESKTOP-BQ08FA1 systemd[1]: apt-daily-upgrade.service: Consumed 5.437s CPU time.
Sep 05 11:17:01 DESKTOP-BQ08FA1 CRON[18631]: pam_unix(cron:session): session opened for user root(uid=0) by (uid=0)
Sep 05 11:17:01 DESKTOP-BQ08FA1 CRON[18633]: (root) CMD (   cd / && run-parts --report /etc/cron.hourly)
Sep 05 11:17:01 DESKTOP-BQ08FA1 CRON[18631]: pam_unix(cron:session): session closed for user root
Sep 05 12:17:01 DESKTOP-BQ08FA1 CRON[41619]: pam_unix(cron:session): session opened for user root(uid=0) by (uid=0)
Sep 05 12:17:01 DESKTOP-BQ08FA1 CRON[41620]: (root) CMD (   cd / && run-parts --report /etc/cron.hourly)
Sep 05 12:17:01 DESKTOP-BQ08FA1 CRON[41619]: pam_unix(cron:session): session closed for user root
Sep 05 13:17:01 DESKTOP-BQ08FA1 CRON[64371]: pam_unix(cron:session): session opened for user root(uid=0) by (uid=0)
Sep 05 13:17:01 DESKTOP-BQ08FA1 CRON[64372]: (root) CMD (   cd / && run-parts --report /etc/cron.hourly)
Sep 05 13:17:01 DESKTOP-BQ08FA1 CRON[64371]: pam_unix(cron:session): session closed for user root
Sep 05 14:11:18 DESKTOP-BQ08FA1 snapd[179]: storehelpers.go:923: cannot refresh: snap has no updates available: "bare", "core22", "gtk-common-themes", "snapd", "ubuntu-desktop-installer"
Sep 05 14:17:01 DESKTOP-BQ08FA1 CRON[83697]: pam_unix(cron:session): session opened for user root(uid=0) by (uid=0)
Sep 05 14:17:01 DESKTOP-BQ08FA1 CRON[83698]: (root) CMD (   cd / && run-parts --report /etc/cron.hourly)
Sep 05 14:17:01 DESKTOP-BQ08FA1 CRON[83697]: pam_unix(cron:session): session closed for user root
Sep 05 14:52:00 DESKTOP-BQ08FA1 systemd[1]: Starting Daily man-db regeneration...
Sep 05 14:52:01 DESKTOP-BQ08FA1 systemd[1]: man-db.service: Deactivated successfully.
Sep 05 14:52:01 DESKTOP-BQ08FA1 systemd[1]: Finished Daily man-db regeneration.
Sep 05 15:17:01 DESKTOP-BQ08FA1 CRON[102040]: pam_unix(cron:session): session opened for user root(uid=0) by (uid=0)
Sep 05 15:17:01 DESKTOP-BQ08FA1 CRON[102041]: (root) CMD (   cd / && run-parts --report /etc/cron.hourly)
Sep 05 15:17:01 DESKTOP-BQ08FA1 CRON[102040]: pam_unix(cron:session): session closed for user root
Sep 05 16:17:01 DESKTOP-BQ08FA1 CRON[119709]: pam_unix(cron:session): session opened for user root(uid=0) by (uid=0)
Sep 05 16:17:01 DESKTOP-BQ08FA1 CRON[119711]: (root) CMD (   cd / && run-parts --report /etc/cron.hourly)
Sep 05 16:17:01 DESKTOP-BQ08FA1 CRON[119709]: pam_unix(cron:session): session closed for user root
Sep 05 17:17:01 DESKTOP-BQ08FA1 CRON[137800]: pam_unix(cron:session): session opened for user root(uid=0) by (uid=0)
Sep 05 17:17:01 DESKTOP-BQ08FA1 CRON[137801]: (root) CMD (   cd / && run-parts --report /etc/cron.hourly)
Sep 05 17:17:01 DESKTOP-BQ08FA1 CRON[137800]: pam_unix(cron:session): session closed for user root
Sep 05 18:17:01 DESKTOP-BQ08FA1 CRON[155105]: pam_unix(cron:session): session opened for user root(uid=0) by (uid=0)
Sep 05 18:17:01 DESKTOP-BQ08FA1 CRON[155106]: (root) CMD (   cd / && run-parts --report /etc/cron.hourly)
Sep 05 18:17:01 DESKTOP-BQ08FA1 CRON[155105]: pam_unix(cron:session): session closed for user root
Sep 05 19:16:12 DESKTOP-BQ08FA1 snapd[179]: storehelpers.go:923: cannot refresh: snap has no updates available: "bare", "core22", "gtk-common-themes", "snapd", "ubuntu-desktop-installer"
Sep 05 19:17:01 DESKTOP-BQ08FA1 CRON[172741]: pam_unix(cron:session): session opened for user root(uid=0) by (uid=0)
Sep 05 19:17:01 DESKTOP-BQ08FA1 CRON[172742]: (root) CMD (   cd / && run-parts --report /etc/cron.hourly)
Sep 05 19:17:01 DESKTOP-BQ08FA1 CRON[172741]: pam_unix(cron:session): session closed for user root
Sep 05 19:42:28 DESKTOP-BQ08FA1 systemd[1]: Starting Message of the Day...
Sep 05 19:42:35 DESKTOP-BQ08FA1 50-motd-news[180320]:  * Strictly confined Kubernetes makes edge and IoT secure. Learn how MicroK8s
Sep 05 19:42:35 DESKTOP-BQ08FA1 50-motd-news[180320]:    just raised the bar for easy, resilient and secure K8s cluster deployment.
Sep 05 19:42:35 DESKTOP-BQ08FA1 50-motd-news[180320]:    https://ubuntu.com/engage/secure-kubernetes-at-the-edge
Sep 05 19:42:35 DESKTOP-BQ08FA1 systemd[1]: motd-news.service: Deactivated successfully.
Sep 05 19:42:35 DESKTOP-BQ08FA1 systemd[1]: Finished Message of the Day.
Sep 05 20:17:01 DESKTOP-BQ08FA1 CRON[190540]: pam_unix(cron:session): session opened for user root(uid=0) by (uid=0)
Sep 05 20:17:01 DESKTOP-BQ08FA1 CRON[190541]: (root) CMD (   cd / && run-parts --report /etc/cron.hourly)
Sep 05 20:17:01 DESKTOP-BQ08FA1 CRON[190540]: pam_unix(cron:session): session closed for user root
Sep 05 21:17:01 DESKTOP-BQ08FA1 CRON[207746]: pam_unix(cron:session): session opened for user root(uid=0) by (uid=0)
Sep 05 21:17:01 DESKTOP-BQ08FA1 CRON[207747]: (root) CMD (   cd / && run-parts --report /etc/cron.hourly)
Sep 05 21:17:01 DESKTOP-BQ08FA1 CRON[207746]: pam_unix(cron:session): session closed for user root
Sep 05 22:17:01 DESKTOP-BQ08FA1 CRON[224898]: pam_unix(cron:session): session opened for user root(uid=0) by (uid=0)
Sep 05 22:17:01 DESKTOP-BQ08FA1 CRON[224899]: (root) CMD (   cd / && run-parts --report /etc/cron.hourly)
Sep 05 22:17:01 DESKTOP-BQ08FA1 CRON[224898]: pam_unix(cron:session): session closed for user root
Sep 05 23:17:01 DESKTOP-BQ08FA1 CRON[242041]: pam_unix(cron:session): session opened for user root(uid=0) by (uid=0)
Sep 05 23:17:01 DESKTOP-BQ08FA1 CRON[242042]: (root) CMD (   cd / && run-parts --report /etc/cron.hourly)
Sep 05 23:17:01 DESKTOP-BQ08FA1 CRON[242041]: pam_unix(cron:session): session closed for user root
Sep 06 00:00:00 DESKTOP-BQ08FA1 systemd[1]: Starting Daily dpkg database backup service...
Sep 06 00:00:00 DESKTOP-BQ08FA1 systemd[1]: Starting Rotate log files...
Sep 06 00:00:00 DESKTOP-BQ08FA1 systemd[1]: logrotate.service: Deactivated successfully.
Sep 06 00:00:00 DESKTOP-BQ08FA1 systemd[1]: Finished Rotate log files.
Sep 06 00:00:00 DESKTOP-BQ08FA1 systemd[1]: dpkg-db-backup.service: Deactivated successfully.
Sep 06 00:00:00 DESKTOP-BQ08FA1 systemd[1]: Finished Daily dpkg database backup service.
Sep 06 00:17:01 DESKTOP-BQ08FA1 CRON[259375]: pam_unix(cron:session): session opened for user root(uid=0) by (uid=0)
Sep 06 00:17:01 DESKTOP-BQ08FA1 CRON[259376]: (root) CMD (   cd / && run-parts --report /etc/cron.hourly)
Sep 06 00:17:01 DESKTOP-BQ08FA1 CRON[259375]: pam_unix(cron:session): session closed for user root
Sep 06 01:17:01 DESKTOP-BQ08FA1 CRON[265087]: pam_unix(cron:session): session opened for user root(uid=0) by (uid=0)
Sep 06 01:17:01 DESKTOP-BQ08FA1 CRON[265088]: (root) CMD (   cd / && run-parts --report /etc/cron.hourly)
Sep 06 01:17:01 DESKTOP-BQ08FA1 CRON[265087]: pam_unix(cron:session): session closed for user root
Sep 06 01:57:25 DESKTOP-BQ08FA1 systemd[1]: Starting Daily apt download activities...
Sep 06 01:57:25 DESKTOP-BQ08FA1 systemd[1]: Starting Update APT News...
Sep 06 01:57:25 DESKTOP-BQ08FA1 systemd[1]: Starting Update the local ESM caches...
Sep 06 01:57:27 DESKTOP-BQ08FA1 systemd[1]: esm-cache.service: Deactivated successfully.
Sep 06 01:57:27 DESKTOP-BQ08FA1 systemd[1]: Finished Update the local ESM caches.
Sep 06 01:57:31 DESKTOP-BQ08FA1 systemd[1]: apt-news.service: Deactivated successfully.
Sep 06 01:57:31 DESKTOP-BQ08FA1 systemd[1]: Finished Update APT News.
Sep 06 01:57:44 DESKTOP-BQ08FA1 systemd[1]: apt-daily.service: Deactivated successfully.
Sep 06 01:57:44 DESKTOP-BQ08FA1 systemd[1]: Finished Daily apt download activities.
Sep 06 01:57:44 DESKTOP-BQ08FA1 systemd[1]: apt-daily.service: Consumed 4.604s CPU time.
Sep 06 02:17:01 DESKTOP-BQ08FA1 CRON[268483]: pam_unix(cron:session): session opened for user root(uid=0) by (uid=0)
Sep 06 02:17:01 DESKTOP-BQ08FA1 CRON[268484]: (root) CMD (   cd / && run-parts --report /etc/cron.hourly)
Sep 06 02:17:01 DESKTOP-BQ08FA1 CRON[268483]: pam_unix(cron:session): session closed for user root
Sep 06 02:21:15 DESKTOP-BQ08FA1 snapd[179]: storehelpers.go:923: cannot refresh: snap has no updates available: "bare", "gtk-common-themes", "snapd", "ubuntu-desktop-installer"
Sep 06 02:21:22 DESKTOP-BQ08FA1 systemd[1]: Reloading.
Sep 06 02:21:22 DESKTOP-BQ08FA1 systemd[1]: Configuration file /run/systemd/system/netplan-ovs-cleanup.service is marked world-inaccessible. This has no effect as configuration data is accessible via APIs without restrictions. Proceeding anyway.
Sep 06 02:21:23 DESKTOP-BQ08FA1 systemd[1]: Mounting Mount unit for core22, revision 1612...
Sep 06 02:21:23 DESKTOP-BQ08FA1 systemd[1]: Mounted Mount unit for core22, revision 1612.
Sep 06 02:21:23 DESKTOP-BQ08FA1 systemd[1]: snap-core22-1564.mount: Deactivated successfully.
Sep 06 02:21:23 DESKTOP-BQ08FA1 systemd[1]: snap-core22-1564.mount: Unit process 70 (snapfuse) remains running after unit stopped.
Sep 06 02:21:23 DESKTOP-BQ08FA1 systemd[1]: Reloading.
Sep 06 02:21:23 DESKTOP-BQ08FA1 systemd[1]: Configuration file /run/systemd/system/netplan-ovs-cleanup.service is marked world-inaccessible. This has no effect as configuration data is accessible via APIs without restrictions. Proceeding anyway.
Sep 06 02:21:24 DESKTOP-BQ08FA1 snapd[179]: storehelpers.go:923: cannot refresh snap "core22": snap has no updates available
Sep 06 03:10:01 DESKTOP-BQ08FA1 CRON[271269]: pam_unix(cron:session): session opened for user root(uid=0) by (uid=0)
Sep 06 03:10:01 DESKTOP-BQ08FA1 CRON[271270]: (root) CMD (test -e /run/systemd/system || SERVICE_MODE=1 /sbin/e2scrub_all -A -r)
Sep 06 03:10:01 DESKTOP-BQ08FA1 CRON[271269]: pam_unix(cron:session): session closed for user root
Sep 06 03:17:01 DESKTOP-BQ08FA1 CRON[271608]: pam_unix(cron:session): session opened for user root(uid=0) by (uid=0)
Sep 06 03:17:01 DESKTOP-BQ08FA1 CRON[271609]: (root) CMD (   cd / && run-parts --report /etc/cron.hourly)
Sep 06 03:17:01 DESKTOP-BQ08FA1 CRON[271608]: pam_unix(cron:session): session closed for user root
Sep 06 04:17:01 DESKTOP-BQ08FA1 CRON[274509]: pam_unix(cron:session): session opened for user root(uid=0) by (uid=0)
Sep 06 04:17:01 DESKTOP-BQ08FA1 CRON[274510]: (root) CMD (   cd / && run-parts --report /etc/cron.hourly)
Sep 06 04:17:01 DESKTOP-BQ08FA1 CRON[274509]: pam_unix(cron:session): session closed for user root
Sep 06 05:17:01 DESKTOP-BQ08FA1 CRON[277397]: pam_unix(cron:session): session opened for user root(uid=0) by (uid=0)
Sep 06 05:17:01 DESKTOP-BQ08FA1 CRON[277398]: (root) CMD (   cd / && run-parts --report /etc/cron.hourly)
Sep 06 05:17:01 DESKTOP-BQ08FA1 CRON[277397]: pam_unix(cron:session): session closed for user root
Sep 06 06:17:01 DESKTOP-BQ08FA1 CRON[280333]: pam_unix(cron:session): session opened for user root(uid=0) by (uid=0)
Sep 06 06:17:01 DESKTOP-BQ08FA1 CRON[280334]: (root) CMD (   cd / && run-parts --report /etc/cron.hourly)
Sep 06 06:17:01 DESKTOP-BQ08FA1 CRON[280333]: pam_unix(cron:session): session closed for user root
Sep 06 06:25:01 DESKTOP-BQ08FA1 CRON[280721]: pam_unix(cron:session): session opened for user root(uid=0) by (uid=0)
Sep 06 06:25:01 DESKTOP-BQ08FA1 CRON[280722]: (root) CMD (test -x /usr/sbin/anacron || ( cd / && run-parts --report /etc/cron.daily ))
Sep 06 06:25:02 DESKTOP-BQ08FA1 CRON[280721]: pam_unix(cron:session): session closed for user root
Sep 06 06:25:17 DESKTOP-BQ08FA1 systemd[1]: Starting Daily apt upgrade and clean activities...
Sep 06 06:25:24 DESKTOP-BQ08FA1 systemd[1]: apt-daily-upgrade.service: Deactivated successfully.
Sep 06 06:25:24 DESKTOP-BQ08FA1 systemd[1]: Finished Daily apt upgrade and clean activities.
Sep 06 06:25:24 DESKTOP-BQ08FA1 systemd[1]: apt-daily-upgrade.service: Consumed 3.977s CPU time.
Sep 06 06:56:12 DESKTOP-BQ08FA1 snapd[179]: storehelpers.go:923: cannot refresh: snap has no updates available: "bare", "core22", "gtk-common-themes", "snapd", "ubuntu-desktop-installer"
Sep 06 07:04:17 DESKTOP-BQ08FA1 systemd[1]: Starting Daily apt download activities...
Sep 06 07:04:18 DESKTOP-BQ08FA1 systemd[1]: apt-daily.service: Deactivated successfully.
Sep 06 07:04:18 DESKTOP-BQ08FA1 systemd[1]: Finished Daily apt download activities.
Sep 06 07:17:01 DESKTOP-BQ08FA1 CRON[283628]: pam_unix(cron:session): session opened for user root(uid=0) by (uid=0)
Sep 06 07:17:01 DESKTOP-BQ08FA1 CRON[283629]: (root) CMD (   cd / && run-parts --report /etc/cron.hourly)
Sep 06 07:17:01 DESKTOP-BQ08FA1 CRON[283628]: pam_unix(cron:session): session closed for user root
Sep 06 07:53:17 DESKTOP-BQ08FA1 systemd[1]: Starting Message of the Day...
Sep 06 07:53:31 DESKTOP-BQ08FA1 50-motd-news[285436]:  * Strictly confined Kubernetes makes edge and IoT secure. Learn how MicroK8s
Sep 06 07:53:31 DESKTOP-BQ08FA1 50-motd-news[285436]:    just raised the bar for easy, resilient and secure K8s cluster deployment.
Sep 06 07:53:31 DESKTOP-BQ08FA1 50-motd-news[285436]:    https://ubuntu.com/engage/secure-kubernetes-at-the-edge
Sep 06 07:53:31 DESKTOP-BQ08FA1 systemd[1]: motd-news.service: Deactivated successfully.
Sep 06 07:53:31 DESKTOP-BQ08FA1 systemd[1]: Finished Message of the Day.
Sep 06 08:17:01 DESKTOP-BQ08FA1 CRON[286737]: pam_unix(cron:session): session opened for user root(uid=0) by (uid=0)
Sep 06 08:17:01 DESKTOP-BQ08FA1 CRON[286738]: (root) CMD (   cd / && run-parts --report /etc/cron.hourly)
Sep 06 08:17:01 DESKTOP-BQ08FA1 CRON[286737]: pam_unix(cron:session): session closed for user root
Sep 06 09:06:25 DESKTOP-BQ08FA1 systemd[1]: Starting Daily man-db regeneration...
Sep 06 09:06:25 DESKTOP-BQ08FA1 systemd[1]: man-db.service: Deactivated successfully.
Sep 06 09:06:25 DESKTOP-BQ08FA1 systemd[1]: Finished Daily man-db regeneration.
Sep 06 09:17:01 DESKTOP-BQ08FA1 CRON[293785]: pam_unix(cron:session): session opened for user root(uid=0) by (uid=0)
Sep 06 09:17:01 DESKTOP-BQ08FA1 CRON[293786]: (root) CMD (   cd / && run-parts --report /etc/cron.hourly)
Sep 06 09:17:01 DESKTOP-BQ08FA1 CRON[293785]: pam_unix(cron:session): session closed for user root
Sep 06 10:17:01 DESKTOP-BQ08FA1 CRON[302222]: pam_unix(cron:session): session opened for user root(uid=0) by (uid=0)
Sep 06 10:17:01 DESKTOP-BQ08FA1 CRON[302223]: (root) CMD (   cd / && run-parts --report /etc/cron.hourly)
Sep 06 10:17:01 DESKTOP-BQ08FA1 CRON[302222]: pam_unix(cron:session): session closed for user root
Sep 06 10:46:10 DESKTOP-BQ08FA1 systemd[1]: Starting Cleanup of Temporary Directories...
Sep 06 10:46:10 DESKTOP-BQ08FA1 systemd[1]: systemd-tmpfiles-clean.service: Deactivated successfully.
Sep 06 10:46:10 DESKTOP-BQ08FA1 systemd[1]: Finished Cleanup of Temporary Directories.
Sep 06 11:17:01 DESKTOP-BQ08FA1 CRON[310273]: pam_unix(cron:session): session opened for user root(uid=0) by (uid=0)
Sep 06 11:17:01 DESKTOP-BQ08FA1 CRON[310274]: (root) CMD (   cd / && run-parts --report /etc/cron.hourly)
Sep 06 11:17:01 DESKTOP-BQ08FA1 CRON[310273]: pam_unix(cron:session): session closed for user root
Sep 06 12:17:01 DESKTOP-BQ08FA1 CRON[318200]: pam_unix(cron:session): session opened for user root(uid=0) by (uid=0)
Sep 06 12:17:01 DESKTOP-BQ08FA1 CRON[318201]: (root) CMD (   cd / && run-parts --report /etc/cron.hourly)
Sep 06 12:17:01 DESKTOP-BQ08FA1 CRON[318200]: pam_unix(cron:session): session closed for user root
Sep 06 13:17:01 DESKTOP-BQ08FA1 CRON[326609]: pam_unix(cron:session): session opened for user root(uid=0) by (uid=0)
Sep 06 13:17:01 DESKTOP-BQ08FA1 CRON[326610]: (root) CMD (   cd / && run-parts --report /etc/cron.hourly)
Sep 06 13:17:01 DESKTOP-BQ08FA1 CRON[326609]: pam_unix(cron:session): session closed for user root
Sep 06 14:17:01 DESKTOP-BQ08FA1 CRON[335024]: pam_unix(cron:session): session opened for user root(uid=0) by (uid=0)
Sep 06 14:17:01 DESKTOP-BQ08FA1 CRON[335025]: (root) CMD (   cd / && run-parts --report /etc/cron.hourly)
Sep 06 14:17:01 DESKTOP-BQ08FA1 CRON[335024]: pam_unix(cron:session): session closed for user root
Sep 06 15:17:01 DESKTOP-BQ08FA1 CRON[343285]: pam_unix(cron:session): session opened for user root(uid=0) by (uid=0)
Sep 06 15:17:01 DESKTOP-BQ08FA1 CRON[343286]: (root) CMD (   cd / && run-parts --report /etc/cron.hourly)
Sep 06 15:17:01 DESKTOP-BQ08FA1 CRON[343285]: pam_unix(cron:session): session closed for user root
Sep 06 16:17:01 DESKTOP-BQ08FA1 CRON[348851]: pam_unix(cron:session): session opened for user root(uid=0) by (uid=0)
Sep 06 16:17:01 DESKTOP-BQ08FA1 CRON[348852]: (root) CMD (   cd / && run-parts --report /etc/cron.hourly)
Sep 06 16:17:01 DESKTOP-BQ08FA1 CRON[348851]: pam_unix(cron:session): session closed for user root
Sep 06 17:17:01 DESKTOP-BQ08FA1 CRON[352489]: pam_unix(cron:session): session opened for user root(uid=0) by (uid=0)
Sep 06 17:17:01 DESKTOP-BQ08FA1 CRON[352490]: (root) CMD (   cd / && run-parts --report /etc/cron.hourly)
Sep 06 17:17:01 DESKTOP-BQ08FA1 CRON[352489]: pam_unix(cron:session): session closed for user root
Sep 06 17:31:12 DESKTOP-BQ08FA1 snapd[179]: storehelpers.go:923: cannot refresh: snap has no updates available: "bare", "core22", "gtk-common-themes", "snapd", "ubuntu-desktop-installer"
Sep 06 18:17:01 DESKTOP-BQ08FA1 CRON[355616]: pam_unix(cron:session): session opened for user root(uid=0) by (uid=0)
Sep 06 18:17:01 DESKTOP-BQ08FA1 CRON[355617]: (root) CMD (   cd / && run-parts --report /etc/cron.hourly)
Sep 06 18:17:01 DESKTOP-BQ08FA1 CRON[355616]: pam_unix(cron:session): session closed for user root
Sep 06 19:17:01 DESKTOP-BQ08FA1 CRON[361470]: pam_unix(cron:session): session opened for user root(uid=0) by (uid=0)
Sep 06 19:17:01 DESKTOP-BQ08FA1 CRON[361471]: (root) CMD (   cd / && run-parts --report /etc/cron.hourly)
Sep 06 19:17:01 DESKTOP-BQ08FA1 CRON[361470]: pam_unix(cron:session): session closed for user root
Sep 06 19:23:11 DESKTOP-BQ08FA1 systemd[1]: Starting Daily apt download activities...
Sep 06 19:23:11 DESKTOP-BQ08FA1 systemd[1]: apt-daily.service: Deactivated successfully.
Sep 06 19:23:11 DESKTOP-BQ08FA1 systemd[1]: Finished Daily apt download activities.
Sep 06 20:17:01 DESKTOP-BQ08FA1 CRON[367980]: pam_unix(cron:session): session opened for user root(uid=0) by (uid=0)
Sep 06 20:17:01 DESKTOP-BQ08FA1 CRON[367981]: (root) CMD (   cd / && run-parts --report /etc/cron.hourly)
Sep 06 20:17:01 DESKTOP-BQ08FA1 CRON[367980]: pam_unix(cron:session): session closed for user root
Sep 06 21:17:01 DESKTOP-BQ08FA1 CRON[371652]: pam_unix(cron:session): session opened for user root(uid=0) by (uid=0)
Sep 06 21:17:01 DESKTOP-BQ08FA1 CRON[371653]: (root) CMD (   cd / && run-parts --report /etc/cron.hourly)
Sep 06 21:17:01 DESKTOP-BQ08FA1 CRON[371652]: pam_unix(cron:session): session closed for user root
Sep 06 21:19:14 DESKTOP-BQ08FA1 sudo[371892]: pam_unix(sudo:auth): authentication failure; logname=ichizu uid=1000 euid=0 tty=/dev/pts/2 ruser=ichizu rhost=  user=ichizu
Sep 06 21:19:18 DESKTOP-BQ08FA1 sudo[371892]:   ichizu : TTY=pts/2 ; PWD=/home/ichizu/missing-semester/Lecture4 ; USER=root ; COMMAND=/usr/bin/apt update
Sep 06 21:19:18 DESKTOP-BQ08FA1 sudo[371892]: pam_unix(sudo:session): session opened for user root(uid=0) by ichizu(uid=1000)
Sep 06 21:19:18 DESKTOP-BQ08FA1 systemd[1]: Starting Update APT News...
Sep 06 21:19:18 DESKTOP-BQ08FA1 systemd[1]: Starting Update the local ESM caches...
Sep 06 21:19:20 DESKTOP-BQ08FA1 systemd[1]: esm-cache.service: Deactivated successfully.
Sep 06 21:19:20 DESKTOP-BQ08FA1 systemd[1]: Finished Update the local ESM caches.
Sep 06 21:19:30 DESKTOP-BQ08FA1 systemd[1]: apt-news.service: Deactivated successfully.
Sep 06 21:19:30 DESKTOP-BQ08FA1 systemd[1]: Finished Update APT News.
Sep 06 21:19:43 DESKTOP-BQ08FA1 sudo[371892]: pam_unix(sudo:session): session closed for user root
Sep 06 21:22:02 DESKTOP-BQ08FA1 sudo[372596]:   ichizu : TTY=pts/2 ; PWD=/home/ichizu/missing-semester/Lecture4 ; USER=root ; COMMAND=/usr/bin/apt install wamerican
Sep 06 21:22:02 DESKTOP-BQ08FA1 sudo[372596]: pam_unix(sudo:session): session opened for user root(uid=0) by ichizu(uid=1000)
Sep 06 21:22:05 DESKTOP-BQ08FA1 sudo[372596]: pam_unix(sudo:session): session closed for user root
Sep 06 22:17:01 DESKTOP-BQ08FA1 CRON[377949]: pam_unix(cron:session): session opened for user root(uid=0) by (uid=0)
Sep 06 22:17:01 DESKTOP-BQ08FA1 CRON[377950]: (root) CMD (   cd / && run-parts --report /etc/cron.hourly)
Sep 06 22:17:01 DESKTOP-BQ08FA1 CRON[377949]: pam_unix(cron:session): session closed for user root
Sep 06 22:51:10 DESKTOP-BQ08FA1 systemd[1]: Starting Message of the Day...
Sep 06 22:51:11 DESKTOP-BQ08FA1 50-motd-news[380263]:  * Strictly confined Kubernetes makes edge and IoT secure. Learn how MicroK8s
Sep 06 22:51:11 DESKTOP-BQ08FA1 50-motd-news[380263]:    just raised the bar for easy, resilient and secure K8s cluster deployment.
Sep 06 22:51:11 DESKTOP-BQ08FA1 50-motd-news[380263]:    https://ubuntu.com/engage/secure-kubernetes-at-the-edge
Sep 06 22:51:11 DESKTOP-BQ08FA1 systemd[1]: motd-news.service: Deactivated successfully.
Sep 06 22:51:11 DESKTOP-BQ08FA1 systemd[1]: Finished Message of the Day.
Sep 06 23:16:35 DESKTOP-BQ08FA1 sudo[382258]:   ichizu : TTY=pts/3 ; PWD=/home/ichizu/missing-semester/Lecture4 ; USER=root ; COMMAND=/usr/bin/vim /etc/systemd/journald.conf
Sep 06 23:16:35 DESKTOP-BQ08FA1 sudo[382258]: pam_unix(sudo:session): session opened for user root(uid=0) by ichizu(uid=1000)
Sep 06 23:16:56 DESKTOP-BQ08FA1 sudo[382258]: pam_unix(sudo:session): session closed for user root
Sep 06 23:17:01 DESKTOP-BQ08FA1 CRON[382321]: pam_unix(cron:session): session opened for user root(uid=0) by (uid=0)
Sep 06 23:17:01 DESKTOP-BQ08FA1 CRON[382322]: (root) CMD (   cd / && run-parts --report /etc/cron.hourly)
Sep 06 23:17:01 DESKTOP-BQ08FA1 CRON[382321]: pam_unix(cron:session): session closed for user root
Sep 06 23:18:52 DESKTOP-BQ08FA1 sudo[382622]:   ichizu : TTY=pts/0 ; PWD=/home/ichizu ; USER=root ; COMMAND=/usr/bin/systemd-analyze plot
Sep 06 23:18:52 DESKTOP-BQ08FA1 sudo[382622]: pam_unix(sudo:session): session opened for user root(uid=0) by (uid=1000)
Sep 06 23:18:52 DESKTOP-BQ08FA1 dbus-daemon[172]: [system] Activating via systemd: service name='org.freedesktop.hostname1' unit='dbus-org.freedesktop.hostname1.service' requested by ':1.42' (uid=0 pid=382624 comm="systemd-analyze plot ")
Sep 06 23:18:52 DESKTOP-BQ08FA1 systemd[1]: Starting Hostname Service...
Sep 06 23:18:53 DESKTOP-BQ08FA1 dbus-daemon[172]: [system] Successfully activated service 'org.freedesktop.hostname1'
Sep 06 23:18:53 DESKTOP-BQ08FA1 systemd[1]: Started Hostname Service.
Sep 06 23:18:53 DESKTOP-BQ08FA1 systemd[1]: Configuration file /run/systemd/system/netplan-ovs-cleanup.service is marked world-inaccessible. This has no effect as configuration data is accessible via APIs without restrictions. Proceeding anyway.
Sep 06 23:18:53 DESKTOP-BQ08FA1 sudo[382622]: pam_unix(sudo:session): session closed for user root
Sep 06 23:19:23 DESKTOP-BQ08FA1 systemd[1]: systemd-hostnamed.service: Deactivated successfully.
Sep 06 23:31:12 DESKTOP-BQ08FA1 snapd[179]: storehelpers.go:923: cannot refresh: snap has no updates available: "bare", "core22", "gtk-common-themes", "snapd", "ubuntu-desktop-installer"
Sep 07 00:00:17 DESKTOP-BQ08FA1 systemd[1]: Starting Daily dpkg database backup service...
Sep 07 00:00:17 DESKTOP-BQ08FA1 systemd[1]: Starting Rotate log files...
Sep 07 00:00:17 DESKTOP-BQ08FA1 systemd[1]: logrotate.service: Deactivated successfully.
Sep 07 00:00:17 DESKTOP-BQ08FA1 systemd[1]: Finished Rotate log files.
Sep 07 00:00:17 DESKTOP-BQ08FA1 systemd[1]: dpkg-db-backup.service: Deactivated successfully.
Sep 07 00:00:17 DESKTOP-BQ08FA1 systemd[1]: Finished Daily dpkg database backup service.
Sep 07 00:17:01 DESKTOP-BQ08FA1 CRON[386191]: pam_unix(cron:session): session opened for user root(uid=0) by (uid=0)
Sep 07 00:17:01 DESKTOP-BQ08FA1 CRON[386192]: (root) CMD (   cd / && run-parts --report /etc/cron.hourly)
Sep 07 00:17:01 DESKTOP-BQ08FA1 CRON[386191]: pam_unix(cron:session): session closed for user root
Sep 07 01:17:01 DESKTOP-BQ08FA1 CRON[389315]: pam_unix(cron:session): session opened for user root(uid=0) by (uid=0)
Sep 07 01:17:01 DESKTOP-BQ08FA1 CRON[389316]: (root) CMD (   cd / && run-parts --report /etc/cron.hourly)
Sep 07 01:17:01 DESKTOP-BQ08FA1 CRON[389315]: pam_unix(cron:session): session closed for user root
Sep 07 01:41:24 DESKTOP-BQ08FA1 snapd[179]: storehelpers.go:923: cannot refresh: snap has no updates available: "bare", "core22", "gtk-common-themes", "snapd", "ubuntu-desktop-installer"
Sep 07 02:17:01 DESKTOP-BQ08FA1 CRON[396092]: pam_unix(cron:session): session opened for user root(uid=0) by (uid=0)
Sep 07 02:17:01 DESKTOP-BQ08FA1 CRON[396093]: (root) CMD (   cd / && run-parts --report /etc/cron.hourly)
Sep 07 02:17:01 DESKTOP-BQ08FA1 CRON[396092]: pam_unix(cron:session): session closed for user root
Sep 07 03:10:01 DESKTOP-BQ08FA1 CRON[400490]: pam_unix(cron:session): session opened for user root(uid=0) by (uid=0)
Sep 07 03:10:01 DESKTOP-BQ08FA1 CRON[400491]: (root) CMD (test -e /run/systemd/system || SERVICE_MODE=1 /sbin/e2scrub_all -A -r)
Sep 07 03:10:01 DESKTOP-BQ08FA1 CRON[400490]: pam_unix(cron:session): session closed for user root
